ARM Linker, 5.03 [Build 76] [MDK-ARM Lite]

==============================================================================

Section Cross References

    main.o(.text) refers to rt_memclr_w.o(.text) for __aeabi_memclr4
    main.o(.text) refers to uart0.o(.text) for UART1_init
    main.o(.text) refers to gps.o(.text) for implement_GPS_fix
    main.o(.text) refers to delay.o(.text) for systick_init
    main.o(.text) refers to strcpy.o(.text) for strcpy
    main.o(.text) refers to strcat.o(.text) for strcat
    main.o(.text) refers to daddsub_clz.o(x$fpl$dadd) for __aeabi_dadd
    main.o(.text) refers to drleqf.o(x$fpl$drleqf) for __aeabi_cdrcmple
    gps.o(.text) refers to strncpy.o(.text) for strncpy
    gps.o(.text) refers to strtod.o(i.__hardfp_strtod) for __hardfp_strtod
    gps.o(.text) refers to ddiv.o(x$fpl$ddiv) for __aeabi_ddiv
    gps.o(.text) refers to daddsub_clz.o(x$fpl$dadd) for __aeabi_dadd
    gps.o(.text) refers to dmul.o(x$fpl$dmul) for __aeabi_dmul
    gps.o(.text) refers to daddsub_clz.o(x$fpl$drsb) for __aeabi_drsub
    gps.o(.text) refers to daddsub_clz.o(x$fpl$dsub) for __aeabi_dsub
    gps.o(.text) refers to sin.o(i.__hardfp_sin) for __hardfp_sin
    gps.o(.text) refers to cos.o(i.__hardfp_cos) for __hardfp_cos
    gps.o(.text) refers to sqrt.o(i.__hardfp_sqrt) for __hardfp_sqrt
    gps.o(.text) refers to atan2.o(i.__hardfp_atan2) for __hardfp_atan2
    gps.o(.text) refers to strtok.o(.text) for strtok
    gps.o(.text) refers to strcat.o(.text) for strcat
    gps.o(.text) refers to uart0.o(.text) for read_UART1
    gps.o(.text) refers to rt_memclr_w.o(.text) for __aeabi_memclr4
    gps.o(.text) refers to strcmpv7m.o(.text) for strcmp
    startup_tm4c123.o(STACK) refers (Special) to heapauxi.o(.text) for __use_two_region_memory
    startup_tm4c123.o(HEAP) refers (Special) to heapauxi.o(.text) for __use_two_region_memory
    startup_tm4c123.o(RESET) refers (Special) to heapauxi.o(.text) for __use_two_region_memory
    startup_tm4c123.o(RESET) refers to startup_tm4c123.o(STACK) for __initial_sp
    startup_tm4c123.o(RESET) refers to startup_tm4c123.o(.text) for Reset_Handler
    startup_tm4c123.o(.text) refers (Special) to heapauxi.o(.text) for __use_two_region_memory
    startup_tm4c123.o(.text) refers to __main.o(!!!main) for __main
    startup_tm4c123.o(.text) refers to startup_tm4c123.o(HEAP) for Heap_Mem
    startup_tm4c123.o(.text) refers to startup_tm4c123.o(STACK) for Stack_Mem
    strtok.o(.text) refers to strtok_int.o(.text) for __strtok_internal
    strtok.o(.text) refers to strtok.o(.data) for .data
    strncpy.o(.text) refers to rt_memclr.o(.text) for __aeabi_memclr
    __main.o(!!!main) refers to rtentry.o(.ARM.Collect$$rtentry$$00000000) for __rt_entry
    daddsub_clz.o(x$fpl$dadd) refers (Special) to usenofp.o(x$fpl$usenofp) for __I$use$fp
    daddsub_clz.o(x$fpl$dadd) refers to daddsub_clz.o(x$fpl$dsub) for _dsub1
    daddsub_clz.o(x$fpl$dadd) refers to dretinf.o(x$fpl$dretinf) for __fpl_dretinf
    daddsub_clz.o(x$fpl$dadd) refers to dnaninf.o(x$fpl$dnaninf) for __fpl_dnaninf
    daddsub_clz.o(x$fpl$drsb) refers (Special) to usenofp.o(x$fpl$usenofp) for __I$use$fp
    daddsub_clz.o(x$fpl$drsb) refers to daddsub_clz.o(x$fpl$dadd) for _dadd1
    daddsub_clz.o(x$fpl$drsb) refers to daddsub_clz.o(x$fpl$dsub) for _dsub1
    daddsub_clz.o(x$fpl$dsub) refers (Special) to usenofp.o(x$fpl$usenofp) for __I$use$fp
    daddsub_clz.o(x$fpl$dsub) refers to daddsub_clz.o(x$fpl$dadd) for _dadd1
    daddsub_clz.o(x$fpl$dsub) refers to dnaninf.o(x$fpl$dnaninf) for __fpl_dnaninf
    ddiv.o(x$fpl$drdiv) refers (Special) to usenofp.o(x$fpl$usenofp) for __I$use$fp
    ddiv.o(x$fpl$drdiv) refers to ddiv.o(x$fpl$ddiv) for ddiv_entry
    ddiv.o(x$fpl$ddiv) refers (Special) to usenofp.o(x$fpl$usenofp) for __I$use$fp
    ddiv.o(x$fpl$ddiv) refers to dretinf.o(x$fpl$dretinf) for __fpl_dretinf
    ddiv.o(x$fpl$ddiv) refers to dnaninf.o(x$fpl$dnaninf) for __fpl_dnaninf
    dmul.o(x$fpl$dmul) refers (Special) to usenofp.o(x$fpl$usenofp) for __I$use$fp
    dmul.o(x$fpl$dmul) refers to dretinf.o(x$fpl$dretinf) for __fpl_dretinf
    dmul.o(x$fpl$dmul) refers to dnaninf.o(x$fpl$dnaninf) for __fpl_dnaninf
    drleqf.o(x$fpl$drleqf) refers (Special) to usenofp.o(x$fpl$usenofp) for __I$use$fp
    drleqf.o(x$fpl$drleqf) refers to dleqf.o(x$fpl$dleqf) for __fpl_dcmple_InfNaN
    atan2.o(i.__hardfp_atan2) refers (Special) to usenofp.o(x$fpl$usenofp) for __I$use$fp
    atan2.o(i.__hardfp_atan2) refers to daddsub_clz.o(x$fpl$dadd) for __aeabi_dadd
    atan2.o(i.__hardfp_atan2) refers to atan.o(i.atan) for atan
    atan2.o(i.__hardfp_atan2) refers to basic.o(x$fpl$basic) for __aeabi_dneg
    atan2.o(i.__hardfp_atan2) refers to ddiv.o(x$fpl$ddiv) for __aeabi_ddiv
    atan2.o(i.__hardfp_atan2) refers to fabs.o(i.fabs) for fabs
    atan2.o(i.__hardfp_atan2) refers to daddsub_clz.o(x$fpl$dsub) for __aeabi_dsub
    atan2.o(i.__hardfp_atan2) refers to daddsub_clz.o(x$fpl$drsb) for __aeabi_drsub
[...]

    RESET                                    0x00000000   Section      620  startup_tm4c123.o(RESET)
    ../clib/angel/boardlib.s                 0x00000000   Number         0  boardinit1.o ABSOLUTE
    ../clib/angel/boardlib.s                 0x00000000   Number         0  boardinit2.o ABSOLUTE
    ../clib/angel/boardlib.s                 0x00000000   Number         0  boardinit3.o ABSOLUTE
    ../clib/angel/boardlib.s                 0x00000000   Number         0  boardshut.o ABSOLUTE
    ../clib/angel/handlers.s                 0x00000000   Number         0  __scatter_zi.o ABSOLUTE
    ../clib/angel/handlers.s                 0x00000000   Number         0  __scatter_copy.o ABSOLUTE
    ../clib/angel/kernel.s                   0x00000000   Number         0  rtentry4.o ABSOLUTE
    ../clib/angel/kernel.s                   0x00000000   Number         0  rtentry2.o ABSOLUTE
    ../clib/angel/kernel.s                   0x00000000   Number         0  rtexit.o ABSOLUTE
    ../clib/angel/kernel.s                   0x00000000   Number         0  rtexit2.o ABSOLUTE
    ../clib/angel/kernel.s                   0x00000000   Number         0  rtentry.o ABSOLUTE
    ../clib/angel/rt.s                       0x00000000   Number         0  rt_raise.o ABSOLUTE
    ../clib/angel/rt.s                       0x00000000   Number         0  rt_locale.o ABSOLUTE
    ../clib/angel/rt.s                       0x00000000   Number         0  rt_locale_intlibspace.o ABSOLUTE
    ../clib/angel/rt.s                       0x00000000   Number         0  rt_errno_addr.o ABSOLUTE
    ../clib/angel/rt.s                       0x00000000   Number         0  rt_ctype_table.o ABSOLUTE
    ../clib/angel/rt.s                       0x00000000   Number         0  rt_errno_addr_intlibspace.o ABSOLUTE
    ../clib/angel/scatter.s                  0x00000000   Number         0  __scatter.o ABSOLUTE
    ../clib/angel/startup.s                  0x00000000   Number         0  __main.o ABSOLUTE
    ../clib/angel/sys.s                      0x00000000   Number         0  use_no_semi.o ABSOLUTE
    ../clib/angel/sys.s                      0x00000000   Number         0  indicate_semi.o ABSOLUTE
    ../clib/angel/sys.s                      0x00000000   Number         0  sys_stackheap_outer.o ABSOLUTE
    ../clib/angel/sys.s                      0x00000000   Number         0  libspace.o ABSOLUTE
    ../clib/angel/sysapp.c                   0x00000000   Number         0  sys_exit.o ABSOLUTE
    ../clib/angel/sysapp.c                   0x00000000   Number         0  sys_command.o ABSOLUTE
    ../clib/angel/sysapp.c                   0x00000000   Number         0  sys_wrch.o ABSOLUTE
    ../clib/armsys.c                         0x00000000   Number         0  argv_veneer.o ABSOLUTE
    ../clib/armsys.c                         0x00000000   Number         0  _get_argv_nomalloc.o ABSOLUTE
    ../clib/armsys.c                         0x00000000   Number         0  no_argv.o ABSOLUTE
    ../clib/armsys.c                         0x00000000   Number         0  argv_veneer.o ABSOLUTE
    ../clib/bigflt.c                         0x00000000   Number         0  bigflt0.o ABSOLUTE
    ../clib/btod.s                           0x00000000   Number         0  btod.o ABSOLUTE
    ../clib/ctype.c                          0x00000000   Number         0  isspace.o ABSOLUTE
    ../clib/fenv.c                           0x00000000   Number         0  _rserrno.o ABSOLUTE
    ../clib/heapalloc.c                      0x00000000   Number         0  hrguard.o ABSOLUTE
    ../clib/heapaux.c                        0x00000000   Number         0  heapauxi.o ABSOLUTE
    ../clib/libinit.s                        0x00000000   Number         0  libinit2.o ABSOLUTE
    ../clib/libinit.s                        0x00000000   Number         0  libinit.o ABSOLUTE
    ../clib/libinit.s                        0x00000000   Number         0  libshutdown2.o ABSOLUTE
    ../clib/libinit.s                        0x00000000   Number         0  libshutdown.o ABSOLUTE
    ../clib/locale.s                         0x00000000   Number         0  lc_ctype_c.o ABSOLUTE
    ../clib/locale.s                         0x00000000   Number         0  lc_numeric_c.o ABSOLUTE
    ../clib/longlong.s                       0x00000000   Number         0  llshl.o ABSOLUTE
    ../clib/memcpset.s                       0x00000000   Number         0  strcmpv7m.o ABSOLUTE
    ../clib/memcpset.s                       0x00000000   Number         0  rt_memclr.o ABSOLUTE
    ../clib/memcpset.s                       0x00000000   Number         0  strncpy.o ABSOLUTE
    ../clib/memcpset.s                       0x00000000   Number         0  rt_memclr_w.o ABSOLUTE
    ../clib/scanf.c                          0x00000000   Number         0  scanf_hexfp.o ABSOLUTE
    ../clib/scanf.c                          0x00000000   Number         0  _sgetc.o ABSOLUTE
    ../clib/scanf.c                          0x00000000   Number         0  strtod.o ABSOLUTE
    ../clib/scanf.c                          0x00000000   Number         0  scanf_infnan.o ABSOLUTE
    ../clib/scanf.c                          0x00000000   Number         0  scanf_fp.o ABSOLUTE
    ../clib/scanf.c                          0x00000000   Number         0  _chval.o ABSOLUTE
    ../clib/signal.c                         0x00000000   Number         0  defsig_other.o ABSOLUTE
    ../clib/signal.c                         0x00000000   Number         0  defsig_segv_inner.o ABSOLUTE
    ../clib/signal.c                         0x00000000   Number         0  defsig_cppl_inner.o ABSOLUTE
    ../clib/signal.c                         0x00000000   Number         0  defsig_pvfn_inner.o ABSOLUTE
    ../clib/signal.c                         0x00000000   Number         0  defsig_stak_inner.o ABSOLUTE
    ../clib/signal.c                         0x00000000   Number         0  defsig_rtred_inner.o ABSOLUTE
    ../clib/signal.c                         0x00000000   Number         0  defsig_fpe_inner.o ABSOLUTE
    ../clib/signal.c                         0x00000000   Number         0  defsig_general.o ABSOLUTE
    ../clib/signal.c                         0x00000000   Number         0  __raise.o ABSOLUTE
    ../clib/signal.c                         0x00000000   Number         0  defsig_rtmem_inner.o ABSOLUTE
    ../clib/signal.c                         0x00000000   Number         0  defsig_exit.o ABSOLUTE
    ../clib/signal.c                         0x00000000   Number         0  defsig_rtmem_formal.o ABSOLUTE
    ../clib/signal.c                         0x00000000   Number         0  defsig_rtmem_outer.o ABSOLUTE
    ../clib/signal.c                         0x00000000   Number         0  defsig_abrt_inner.o ABSOLUTE
    ../clib/signal.s                         0x00000000   Number         0  defsig.o ABSOLUTE
    ../clib/stdlib.c                         0x00000000   Number         0  exit.o ABSOLUTE
    ../clib/string.c                         0x00000000   Number         0  strcat.o ABSOLUTE
    ../clib/string.c                         0x00000000   Number         0  strcspn.o ABSOLUTE
    ../clib/string.c                         0x00000000   Number         0  strspn.o ABSOLUTE
    ../clib/string.c                         0x00000000   Number         0  strtok.o ABSOLUTE
    ../clib/string.c                         0x00000000   Number         0  strcpy.o ABSOLUTE
    ../clib/string.c                         0x00000000   Number         0  strtok_int.o ABSOLUTE
    ../fplib/basic.s                         0x00000000   Number         0  basic.o ABSOLUTE
    ../fplib/d2f.s                           0x00000000   Number         0  d2f.o ABSOLUTE
    ../fplib/daddsub.s                       0x00000000   Number         0  daddsub_clz.o ABSOLUTE
    ../fplib/dcheck1.s                       0x00000000   Number         0  dcheck1.o ABSOLUTE
    ../fplib/dcmpi.s                         0x00000000   Number         0  dcmpi.o ABSOLUTE
    ../fplib/ddiv.s                          0x00000000   Number         0  ddiv.o ABSOLUTE
    ../fplib/deqf.s                          0x00000000   Number         0  deqf.o ABSOLUTE
    ../fplib/dfix.s                          0x00000000   Number         0  dfix.o ABSOLUTE
    ../fplib/dflt.s                          0x00000000   Number         0  dflt_clz.o ABSOLUTE
    ../fplib/dleqf.s                         0x00000000   Number         0  dleqf.o ABSOLUTE
    ../fplib/dmul.s                          0x00000000   Number         0  dmul.o ABSOLUTE
    ../fplib/dnaninf.s                       0x00000000   Number         0  dnaninf.o ABSOLUTE
    ../fplib/dretinf.s                       0x00000000   Number         0  dretinf.o ABSOLUTE
    ../fplib/drleqf.s                        0x00000000   Number         0  drleqf.o ABSOLUTE
    ../fplib/dsqrt.s                         0x00000000   Number         0  dsqrt_umaal.o ABSOLUTE
    ../fplib/fpconst.s                       0x00000000   Number         0  fpconst.o ABSOLUTE
    ../fplib/fpinit.s                        0x00000000   Number         0  fpinit.o ABSOLUTE
    ../fplib/fretinf.s                       0x00000000   Number         0  fretinf.o ABSOLUTE
    ../fplib/istatus.s                       0x00000000   Number         0  istatus.o ABSOLUTE
    ../fplib/retnan.s                        0x00000000   Number         0  retnan.o ABSOLUTE
    ../fplib/scalbn.s                        0x00000000   Number         0  scalbn.o ABSOLUTE
    ../fplib/scanf1.s                        0x00000000   Number         0  scanf1.o ABSOLUTE
    ../fplib/scanf2.s                        0x00000000   Number         0  scanf2.o ABSOLUTE
    ../fplib/scanf2a.s                       0x00000000   Number         0  scanf2a.o ABSOLUTE
    ../fplib/scanf2b.s                       0x00000000   Number         0  scanf2b.o ABSOLUTE
    ../fplib/trapv.s                         0x00000000   Number         0  trapv.o ABSOLUTE
    ../fplib/usenofp.s                       0x00000000   Number         0  usenofp.o ABSOLUTE
    ../mathlib/atan.c                        0x00000000   Number         0  atan.o ABSOLUTE
    ../mathlib/atan.c                        0x00000000   Number         0  atan_x.o ABSOLUTE
    ../mathlib/atan2.c                       0x00000000   Number         0  atan2.o ABSOLUTE
    ../mathlib/atan2.c                       0x00000000   Number         0  atan2_x.o ABSOLUTE
    ../mathlib/cos.c                         0x00000000   Number         0  cos_x.o ABSOLUTE
    ../mathlib/cos.c                         0x00000000   Number         0  cos.o ABSOLUTE
    ../mathlib/cos_i.c                       0x00000000   Number         0  cos_i.o ABSOLUTE
    ../mathlib/dunder.c                      0x00000000   Number         0  dunder.o ABSOLUTE
    ../mathlib/fabs.c                        0x00000000   Number         0  fabs.o ABSOLUTE
    ../mathlib/fpclassify.c                  0x00000000   Number         0  fpclassify.o ABSOLUTE
    ../mathlib/frexp.c                       0x00000000   Number         0  frexp.o ABSOLUTE
    ../mathlib/ldexp.c                       0x00000000   Number         0  ldexp_x.o ABSOLUTE
    ../mathlib/ldexp.c                       0x00000000   Number         0  ldexp.o ABSOLUTE
    ../mathlib/narrow.c                      0x00000000   Number         0  narrow.o ABSOLUTE
    ../mathlib/poly.c                        0x00000000   Number         0  poly.o ABSOLUTE
    ../mathlib/qnan.c                        0x00000000   Number         0  qnan.o ABSOLUTE
    ../mathlib/rred.c                        0x00000000   Number         0  rred.o ABSOLUTE
    ../mathlib/sin.c                         0x00000000   Number         0  sin.o ABSOLUTE
    ../mathlib/sin.c                         0x00000000   Number         0  sin_x.o ABSOLUTE
    ../mathlib/sin_i.c                       0x00000000   Number         0  sin_i.o ABSOLUTE
    ../mathlib/sin_i.c                       0x00000000   Number         0  sin_i_x.o ABSOLUTE
    ../mathlib/sqrt.c                        0x00000000   Number         0  sqrt_x.o ABSOLUTE
    ../mathlib/sqrt.c                        0x00000000   Number         0  sqrt.o ABSOLUTE
    ../mathlib/strtod.c                      0x00000000   Number         0  strtod.o ABSOLUTE
    Delay.c                                  0x00000000   Number         0  delay.o ABSOLUTE
    EEPROM.c                                 0x00000000   Number         0  eeprom.o ABSOLUTE
    GPIO.c                                   0x00000000   Number         0  gpio.o ABSOLUTE
    GPS.c                                    0x00000000   Number         0  gps.o ABSOLUTE
    GPS.c                                    0x00000000   Number         0  gps.o ABSOLUTE
    UART0.c                                  0x00000000   Number         0  uart0.o ABSOLUTE
    dc.s                                     0x00000000   Number         0  dc.o ABSOLUTE
    main.c                                   0x00000000   Number         0  main.o ABSOLUTE
    main.c                                   0x00000000   Number         0  main.o ABSOLUTE
    startup_TM4C123.s                        0x00000000   Number         0  startup_tm4c123.o ABSOLUTE
    !!!main                                  0x0000026c   Section        8  __main.o(!!!main)
    !!!scatter                               0x00000274   Section       52  __scatter.o(!!!scatter)
    !!handler_copy                           0x000002a8   Section       26  __scatter_copy.o(!!handler_copy)
    !!handler_zi                             0x000002c4   Section       28  __scatter_zi.o(!!handler_zi)
    .ARM.Collect$$libinit$$00000000          0x000002e0   Section        2  libinit.o(.ARM.Collect$$libinit$$00000000)
    .ARM.Collect$$libinit$$00000001          0x000002e2   Section        4  libinit2.o(.ARM.Collect$$libinit$$00000001)
    .ARM.Collect$$libinit$$00000008          0x000002e6   Section        0  libinit2.o(.ARM.Collect$$libinit$$00000008)
    .ARM.Collect$$libinit$$0000000A          0x000002e6   Section        0  libinit2.o(.ARM.Collect$$libinit$$0000000A)
    .ARM.Collect$$libinit$$0000000C          0x000002e6   Section        0  libinit2.o(.ARM.Collect$$libinit$$0000000C)
    .ARM.Collect$$libinit$$0000000D          0x000002e6   Section        6  libinit2.o(.ARM.Collect$$libinit$$0000000D)
    .ARM.Collect$$libinit$$0000000F          0x000002ec   Section        0  libinit2.o(.ARM.Collect$$libinit$$0000000F)
    .ARM.Collect$$libinit$$00000010          0x000002ec   Section       12  libinit2.o(.ARM.Collect$$libinit$$00000010)
    .ARM.Collect$$libinit$$00000011          0x000002f8   Section        0  libinit2.o(.ARM.Collect$$libinit$$00000011)
    .ARM.Collect$$libinit$$00000013          0x000002f8   Section        0  libinit2.o(.ARM.Collect$$libinit$$00000013)
    .ARM.Collect$$libinit$$00000014          0x000002f8   Section       10  libinit2.o(.ARM.Collect$$libinit$$00000014)
    .ARM.Collect$$libinit$$00000015          0x00000302   Section        0  libinit2.o(.ARM.Collect$$libinit$$00000015)
    .ARM.Collect$$libinit$$00000017          0x00000302   Section        0  libinit2.o(.ARM.Collect$$libinit$$00000017)
    .ARM.Collect$$libinit$$00000019          0x00000302   Section        0  libinit2.o(.ARM.Collect$$libinit$$00000019)
    .ARM.Collect$$libinit$$0000001B          0x00000302   Section        0  libinit2.o(.ARM.Collect$$libinit$$0000001B)
    .ARM.Collect$$libinit$$0000001D          0x00000302   Section        0  libinit2.o(.ARM.Collect$$libinit$$0000001D)
    .ARM.Collect$$libinit$$0000001F          0x00000302   Section        0  libinit2.o(.ARM.Collect$$libinit$$0000001F)
    .ARM.Collect$$libinit$$00000021          0x00000302   Section        0  libinit2.o(.ARM.Collect$$libinit$$00000021)
    .ARM.Collect$$libinit$$00000023          0x00000302   Section        0  libinit2.o(.ARM.Collect$$libinit$$00000023)
    .ARM.Collect$$libinit$$0000002A          0x00000302   Section        0  libinit2.o(.ARM.Collect$$libinit$$0000002A)
    .ARM.Collect$$libinit$$0000002C          0x00000302   Section        0  libinit2.o(.ARM.Collect$$libinit$$0000002C)
    .ARM.Collect$$libinit$$0000002E          0x00000302   Section        0  libinit2.o(.ARM.Collect$$libinit$$0000002E)
    .ARM.Collect$$libinit$$00000030          0x00000302   Section        0  libinit2.o(.ARM.Collect$$libinit$$00000030)
    .ARM.Collect$$libinit$$00000031          0x00000302   Section        2  libinit2.o(.ARM.Collect$$libinit$$00000031)
    .ARM.Collect$$libshutdown$$00000000      0x00000304   Section        2  libshutdown.o(.ARM.Collect$$libshutdown$$00000000)
    .ARM.Collect$$libshutdown$$00000003      0x00000306   Section        0  libshutdown2.o(.ARM.Collect$$libshutdown$$00000003)
    .ARM.Collect$$libshutdown$$00000006      0x00000306   Section        0  libshutdown2.o(.ARM.Collect$$libshutdown$$00000006)
    .ARM.Collect$$libshutdown$$00000009      0x00000306   Section        0  libshutdown2.o(.ARM.Collect$$libshutdown$$00000009)
    .ARM.Collect$$libshutdown$$0000000B      0x00000306   Section        0  libshutdown2.o(.ARM.Collect$$libshutdown$$0000000B)
    .ARM.Collect$$libshutdown$$0000000E      0x00000306   Section        0  libshutdown2.o(.ARM.Collect$$libshutdown$$0000000E)
    .ARM.Collect$$libshutdown$$0000000F      0x00000306   Section        2  libshutdown2.o(.ARM.Collect$$libshutdown$$0000000F)
    .ARM.Collect$$rtentry$$00000000          0x00000308   Section        0  rtentry.o(.ARM.Collect$$rtentry$$00000000)
    .ARM.Collect$$rtentry$$00000002          0x00000308   Section        0  rtentry2.o(.ARM.Collect$$rtentry$$00000002)
    .ARM.Collect$$rtentry$$00000004          0x00000308   Section        6  rtentry4.o(.ARM.Collect$$rtentry$$00000004)
    .ARM.Collect$$rtentry$$00000009          0x0000030e   Section        0  rtentry2.o(.ARM.Collect$$rtentry$$00000009)
    .ARM.Collect$$rtentry$$0000000A          0x0000030e   Section        4  rtentry2.o(.ARM.Collect$$rtentry$$0000000A)
    .ARM.Collect$$rtentry$$0000000C          0x00000312   Section        0  rtentry2.o(.ARM.Collect$$rtentry$$0000000C)
    .ARM.Collect$$rtentry$$0000000D          0x00000312   Section        8  rtentry2.o(.ARM.Collect$$rtentry$$0000000D)
    .ARM.Collect$$rtexit$$00000000           0x0000031a   Section        2  rtexit.o(.ARM.Collect$$rtexit$$00000000)
    .ARM.Collect$$rtexit$$00000002           0x0000031c   Section        0  rtexit2.o(.ARM.Collect$$rtexit$$00000002)
    .ARM.Collect$$rtexit$$00000003           0x0000031c   Section        4  rtexit2.o(.ARM.Collect$$rtexit$$00000003)
    .ARM.Collect$$rtexit$$00000004           0x00000320   Section        6  rtexit2.o(.ARM.Collect$$rtexit$$00000004)
    .text                                    0x00000328   Section        0  main.o(.text)
    .text                                    0x00000498   Section        0  uart0.o(.text)
    .text                                    0x00000644   Section        0  delay.o(.text)
    .text                                    0x000006e4   Section        0  gps.o(.text)
    .text                                    0x00000cf8   Section      268  startup_tm4c123.o(.text)
    $v0                                      0x00000cf8   Number         0  startup_tm4c123.o(.text)
    .text                                    0x00000e04   Section        0  strtok.o(.text)
    .text                                    0x00000e10   Section        0  strcpy.o(.text)
    .text                                    0x00000e58   Section        0  strcat.o(.text)
    .text                                    0x00000e70   Section       78  rt_memclr_w.o(.text)
    .text                                    0x00000ebe   Section       86  strncpy.o(.text)
    .text                                    0x00000f14   Section      128  strcmpv7m.o(.text)
    .text                                    0x00000f94   Section        0  heapauxi.o(.text)
    .text                                    0x00000f9a   Section        0  _rserrno.o(.text)
    .text                                    0x00000fb0   Section        0  strtod.o(.text)
    _local_sscanf                            0x00000fb1   Thumb Code    60  strtod.o(.text)
    .text                                    0x00001050   Section        0  strtok_int.o(.text)
    .text                                    0x00001094   Section       68  rt_memclr.o(.text)
    .text                                    0x000010d8   Section        8  rt_errno_addr_intlibspace.o(.text)
    .text                                    0x000010e0   Section        0  isspace.o(.text)
    .text                                    0x000010f2   Section        0  _sgetc.o(.text)
    .text                                    0x00001132   Section        0  strcspn.o(.text)
    .text                                    0x00001152   Section        0  strspn.o(.text)
    .text                                    0x00001170   Section        8  libspace.o(.text)
    .text                                    0x00001178   Section       74  sys_stackheap_outer.o(.text)
    .text                                    0x000011c4   Section       16  rt_ctype_table.o(.text)
    .text                                    0x000011d4   Section        0  scanf_fp.o(.text)
    _fp_value                                0x000011d5   Thumb Code   504  scanf_fp.o(.text)
    .text                                    0x00001678   Section        0  exit.o(.text)
    .text                                    0x00001684   Section        8  rt_locale_intlibspace.o(.text)
    .text                                    0x0000168c   Section        0  bigflt0.o(.text)
    .text                                    0x00001770   Section        0  scanf_hexfp.o(.text)
    .text                                    0x00001a84   Section        0  scanf_infnan.o(.text)
    .text                                    0x00001bc0   Section        0  sys_exit.o(.text)
    .text                                    0x00001bcc   Section       38  llshl.o(.text)
    .text                                    0x00001bf2   Section        0  _chval.o(.text)
    .text                                    0x00001c0e   Section        2  use_no_semi.o(.text)
    .text                                    0x00001c10   Section        0  indicate_semi.o(.text)
    CL$$btod_div_common                      0x00001c10   Section      824  btod.o(CL$$btod_div_common)
    CL$$btod_e2d                             0x00001f48   Section       84  btod.o(CL$$btod_e2d)
    CL$$btod_e2e                             0x00001f9c   Section      198  btod.o(CL$$btod_e2e)
    CL$$btod_ediv                            0x00002062   Section       40  btod.o(CL$$btod_ediv)
    CL$$btod_edivd                           0x0000208a   Section       40  btod.o(CL$$btod_edivd)
    CL$$btod_emul                            0x000020b2   Section       40  btod.o(CL$$btod_emul)
    CL$$btod_emuld                           0x000020da   Section       40  btod.o(CL$$btod_emuld)
    CL$$btod_mult_common                     0x00002102   Section      580  btod.o(CL$$btod_mult_common)
    i.__ARM_fpclassify                       0x00002346   Section        0  fpclassify.o(i.__ARM_fpclassify)
    i.__hardfp_atan                          0x00002378   Section        0  atan.o(i.__hardfp_atan)
    i.__hardfp_atan2                         0x00002660   Section        0  atan2.o(i.__hardfp_atan2)
    i.__hardfp_cos                           0x00002840   Section        0  cos.o(i.__hardfp_cos)
    i.__hardfp_ldexp                         0x00002918   Section        0  ldexp.o(i.__hardfp_ldexp)
    i.__hardfp_sin                           0x00002a00   Section        0  sin.o(i.__hardfp_sin)
    i.__hardfp_sqrt                          0x00002ad8   Section        0  sqrt.o(i.__hardfp_sqrt)
    i.__hardfp_strtod                        0x00002b58   Section        0  strtod.o(i.__hardfp_strtod)
    i.__ieee754_rem_pio2                     0x00002b80   Section        0  rred.o(i.__ieee754_rem_pio2)
    i.__kernel_cos                           0x00002fd8   Section        0  cos_i.o(i.__kernel_cos)
    i.__kernel_poly                          0x00003148   Section        0  poly.o(i.__kernel_poly)
    i.__kernel_sin                           0x00003240   Section        0  sin_i.o(i.__kernel_sin)
    i.__mathlib_dbl_underflow                0x00003370   Section        0  dunder.o(i.__mathlib_dbl_underflow)
    i.__mathlib_narrow                       0x00003390   Section        0  narrow.o(i.__mathlib_narrow)
    i.__support_ldexp                        0x00003448   Section        0  ldexp.o(i.__support_ldexp)
    i._is_digit                              0x0000345c   Section        0  scanf_fp.o(i._is_digit)
    i.atan                                   0x0000346a   Section        0  atan.o(i.atan)
    i.fabs                                   0x0000347a   Section        0  fabs.o(i.fabs)
    i.frexp                                  0x000034a0   Section        0  frexp.o(i.frexp)
    locale$$code                             0x0000353c   Section       44  lc_numeric_c.o(locale$$code)
    locale$$code                             0x00003568   Section       44  lc_ctype_c.o(locale$$code)
    x$fpl$basic                              0x00003594   Section       24  basic.o(x$fpl$basic)
    $v0                                      0x00003594   Number         0  basic.o(x$fpl$basic)
    x$fpl$d2f                                0x000035ac   Section       98  d2f.o(x$fpl$d2f)
    $v0                                      0x000035ac   Number         0  d2f.o(x$fpl$d2f)
    x$fpl$dadd                               0x00003610   Section      336  daddsub_clz.o(x$fpl$dadd)
    $v0                                      0x00003610   Number         0  daddsub_clz.o(x$fpl$dadd)
    _dadd1                                   0x00003621   Thumb Code     0  daddsub_clz.o(x$fpl$dadd)
    x$fpl$dcheck1                            0x00003760   Section       16  dcheck1.o(x$fpl$dcheck1)
    $v0                                      0x00003760   Number         0  dcheck1.o(x$fpl$dcheck1)
    x$fpl$dcmpinf                            0x00003770   Section       24  dcmpi.o(x$fpl$dcmpinf)
    $v0                                      0x00003770   Number         0  dcmpi.o(x$fpl$dcmpinf)
    x$fpl$ddiv                               0x00003788   Section      688  ddiv.o(x$fpl$ddiv)
    $v0                                      0x00003788   Number         0  ddiv.o(x$fpl$ddiv)
    ddiv_entry                               0x0000378f   Thumb Code     0  ddiv.o(x$fpl$ddiv)
    x$fpl$deqf                               0x00003a38   Section      120  deqf.o(x$fpl$deqf)
    $v0                                      0x00003a38   Number         0  deqf.o(x$fpl$deqf)
    x$fpl$dfix                               0x00003ab0   Section       94  dfix.o(x$fpl$dfix)
    $v0                                      0x00003ab0   Number         0  dfix.o(x$fpl$dfix)
    x$fpl$dflt                               0x00003b0e   Section       46  dflt_clz.o(x$fpl$dflt)
    $v0                                      0x00003b0e   Number         0  dflt_clz.o(x$fpl$dflt)
    x$fpl$dfltu                              0x00003b3c   Section       38  dflt_clz.o(x$fpl$dfltu)
    $v0                                      0x00003b3c   Number         0  dflt_clz.o(x$fpl$dfltu)
    x$fpl$dleqf                              0x00003b64   Section      120  dleqf.o(x$fpl$dleqf)
    $v0                                      0x00003b64   Number         0  dleqf.o(x$fpl$dleqf)
    x$fpl$dmul                               0x00003bdc   Section      340  dmul.o(x$fpl$dmul)
    $v0                                      0x00003bdc   Number         0  dmul.o(x$fpl$dmul)
    x$fpl$dnaninf                            0x00003d30   Section      156  dnaninf.o(x$fpl$dnaninf)
    $v0                                      0x00003d30   Number         0  dnaninf.o(x$fpl$dnaninf)
    x$fpl$dretinf                            0x00003dcc   Section       12  dretinf.o(x$fpl$dretinf)
    $v0                                      0x00003dcc   Number         0  dretinf.o(x$fpl$dretinf)
    x$fpl$drleqf                             0x00003dd8   Section      108  drleqf.o(x$fpl$drleqf)
    $v0                                      0x00003dd8   Number         0  drleqf.o(x$fpl$drleqf)
    x$fpl$drsb                               0x00003e44   Section       22  daddsub_clz.o(x$fpl$drsb)
    $v0                                      0x00003e44   Number         0  daddsub_clz.o(x$fpl$drsb)
    x$fpl$dsqrt                              0x00003e5c   Section      408  dsqrt_umaal.o(x$fpl$dsqrt)
    $v0                                      0x00003e5c   Number         0  dsqrt_umaal.o(x$fpl$dsqrt)
    x$fpl$dsub                               0x00003ff4   Section      468  daddsub_clz.o(x$fpl$dsub)
    $v0                                      0x00003ff4   Number         0  daddsub_clz.o(x$fpl$dsub)
    _dsub1                                   0x00004005   Thumb Code     0  daddsub_clz.o(x$fpl$dsub)
    x$fpl$fpinit                             0x000041c8   Section       10  fpinit.o(x$fpl$fpinit)
    $v0                                      0x000041c8   Number         0  fpinit.o(x$fpl$fpinit)
    x$fpl$fretinf                            0x000041d2   Section       10  fretinf.o(x$fpl$fretinf)
    $v0                                      0x000041d2   Number         0  fretinf.o(x$fpl$fretinf)
    x$fpl$retnan                             0x000041dc   Section      100  retnan.o(x$fpl$retnan)
    $v0                                      0x000041dc   Number         0  retnan.o(x$fpl$retnan)
    x$fpl$scalbn                             0x00004240   Section       92  scalbn.o(x$fpl$scalbn)
    $v0                                      0x00004240   Number         0  scalbn.o(x$fpl$scalbn)
    x$fpl$scanf1                             0x0000429c   Section        4  scanf1.o(x$fpl$scanf1)
    $v0                                      0x0000429c   Number         0  scanf1.o(x$fpl$scanf1)
    x$fpl$scanf2                             0x000042a0   Section        8  scanf2.o(x$fpl$scanf2)
    $v0                                      0x000042a0   Number         0  scanf2.o(x$fpl$scanf2)
    x$fpl$trapveneer                         0x000042a8   Section       48  trapv.o(x$fpl$trapveneer)
    $v0                                      0x000042a8   Number         0  trapv.o(x$fpl$trapveneer)
    .constdata                               0x000042d8   Section      152  atan.o(.constdata)
    x$fpl$usenofp                            0x000042d8   Section        0  usenofp.o(x$fpl$usenofp)
    atanhi                                   0x000042d8   Data          32  atan.o(.constdata)
    atanlo                                   0x000042f8   Data          32  atan.o(.constdata)
    aTodd                                    0x00004318   Data          40  atan.o(.constdata)
    aTeven                                   0x00004340   Data          48  atan.o(.constdata)
    .constdata                               0x00004370   Section       48  cos_i.o(.constdata)
    C                                        0x00004370   Data          48  cos_i.o(.constdata)
    .constdata                               0x000043a0   Section        8  qnan.o(.constdata)
    .constdata                               0x000043a8   Section      200  rred.o(.constdata)
    pio2s                                    0x000043a8   Data          48  rred.o(.constdata)
    twooverpi                                0x000043d8   Data         152  rred.o(.constdata)
    .constdata                               0x00004470   Section       40  sin_i.o(.constdata)
    S                                        0x00004470   Data          40  sin_i.o(.constdata)
    .constdata                               0x00004498   Section      148  bigflt0.o(.constdata)
    tenpwrs_x                                0x00004498   Data          60  bigflt0.o(.constdata)
    tenpwrs_i                                0x000044d4   Data          64  bigflt0.o(.constdata)
    c$$dinf                                  0x0000454c   Section        8  fpconst.o(c$$dinf)
    locale$$data                             0x00004554   Section       28  lc_numeric_c.o(locale$$data)
    __lcnum_c_name                           0x00004558   Data           2  lc_numeric_c.o(locale$$data)
    __lcnum_c_start                          0x00004560   Data           0  lc_numeric_c.o(locale$$data)
    __lcnum_c_point                          0x0000456c   Data           0  lc_numeric_c.o(locale$$data)
    __lcnum_c_thousands                      0x0000456e   Data           0  lc_numeric_c.o(locale$$data)
    __lcnum_c_grouping                       0x0000456f   Data           0  lc_numeric_c.o(locale$$data)
    locale$$data                             0x00004570   Section      272  lc_ctype_c.o(locale$$data)
    __lcnum_c_end                            0x00004570   Data           0  lc_numeric_c.o(locale$$data)
    __lcctype_c_name                         0x00004574   Data           2  lc_ctype_c.o(locale$$data)
    __lcctype_c_start                        0x0000457c   Data           0  lc_ctype_c.o(locale$$data)
    __lcctype_c_end                          0x00004680   Data           0  lc_ctype_c.o(locale$$data)
    .data                                    0x20000000   Section        4  strtok.o(.data)
    _strtok_saves1                           0x20000000   Data           4  strtok.o(.data)
    .bss                                     0x20000004   Section       96  libspace.o(.bss)
    HEAP                                     0x20000068   Section        0  startup_tm4c123.o(HEAP)
    STACK                                    0x20000068   Section      512  startup_tm4c123.o(STACK)
    Heap_Mem                                 0x20000068   Data           0  startup_tm4c123.o(HEAP)
    Stack_Mem                                0x20000068   Data         512  startup_tm4c123.o(STACK)
    __initial_sp                             0x20000268   Data           0  startup_tm4c123.o(STACK)

    Global Symbols

    Symbol Name                              Value     Ov Type        Size  Object(Section)

    BuildAttributes$$THM_ISAv4$E$P$D$K$B$S$7EM$VFPi3$EXTD16$VFPS$VFMA$PE$A:L22UL41UL21$X:L11$S22US41US21$IEEE1$IW$USESV6$~STKCKD$USESV7$~SHL$OTIME$ROPI$IEEEX$EBA8$UX$STANDARDLIB$REQ8$PRES8$EABIv2 0x00000000   Number         0  anon$$obj.o ABSOLUTE
    __ARM_use_no_argv                        0x00000000   Number         0  main.o ABSOLUTE
    __Vectors                                0x00000000   Data           4  startup_tm4c123.o(RESET)
    __ARM_exceptions_init                     - Undefined Weak Reference
    __alloca_initialize                       - Undefined Weak Reference
    __cpp_initialize__aeabi_                  - Undefined Weak Reference
    __cxa_finalize                            - Undefined Weak Reference
    __sigvec_lookup                           - Undefined Weak Reference
    _atexit_init                              - Undefined Weak Reference
    _call_atexit_fns                          - Undefined Weak Reference
    _clock_init                               - Undefined Weak Reference
    _fp_trap_init                             - Undefined Weak Reference
    _fp_trap_shutdown                         - Undefined Weak Reference
    _get_lc_collate                           - Undefined Weak Reference
    _get_lc_monetary                          - Undefined Weak Reference
    _get_lc_time                              - Undefined Weak Reference
    _getenv_init                              - Undefined Weak Reference
    _handle_redirection                       - Undefined Weak Reference
    _init_alloc                               - Undefined Weak Reference
    _init_user_alloc                          - Undefined Weak Reference
    _initio                                   - Undefined Weak Reference
    _rand_init                                - Undefined Weak Reference
    _signal_finish                            - Undefined Weak Reference
    _signal_init                              - Undefined Weak Reference
    _terminate_alloc                          - Undefined Weak Reference
    _terminate_user_alloc                     - Undefined Weak Reference
    _terminateio                              - Undefined Weak Reference
    __Vectors_End                            0x0000026c   Data           0  startup_tm4c123.o(RESET)
    __Vectors_Size                           0x0000026c   Number         0  startup_tm4c123.o ABSOLUTE
    __main                                   0x0000026d   Thumb Code     8  __main.o(!!!main)
    __scatterload                            0x00000275   Thumb Code     0  __scatter.o(!!!scatter)
    __scatterload_rt2                        0x00000275   Thumb Code    44  __scatter.o(!!!scatter)
    __scatterload_rt2_thumb_only             0x00000275   Thumb Code     0  __scatter.o(!!!scatter)
    __scatterload_null                       0x00000283   Thumb Code     0  __scatter.o(!!!scatter)
    __scatterload_copy                       0x000002a9   Thumb Code    26  __scatter_copy.o(!!handler_copy)
    __scatterload_zeroinit                   0x000002c5   Thumb Code    28  __scatter_zi.o(!!handler_zi)
    __rt_lib_init                            0x000002e1   Thumb Code     0  libinit.o(.ARM.Collect$$libinit$$00000000)
    __rt_lib_init_fp_1                       0x000002e3   Thumb Code     0  libinit2.o(.ARM.Collect$$libinit$$00000001)
    __rt_lib_init_heap_1                     0x000002e7   Thumb Code     0  libinit2.o(.ARM.Collect$$libinit$$00000008)
    __rt_lib_init_lc_common                  0x000002e7   Thumb Code     0  libinit2.o(.ARM.Collect$$libinit$$0000000D)
    __rt_lib_init_rand_1                     0x000002e7   Thumb Code     0  libinit2.o(.ARM.Collect$$libinit$$0000000C)
    __rt_lib_init_user_alloc_1               0x000002e7   Thumb Code     0  libinit2.o(.ARM.Collect$$libinit$$0000000A)
    __rt_lib_init_lc_collate_1               0x000002ed   Thumb Code     0  libinit2.o(.ARM.Collect$$libinit$$0000000F)
    __rt_lib_init_lc_ctype_2                 0x000002ed   Thumb Code     0  libinit2.o(.ARM.Collect$$libinit$$00000010)
    __rt_lib_init_lc_ctype_1                 0x000002f9   Thumb Code     0  libinit2.o(.ARM.Collect$$libinit$$00000011)
    __rt_lib_init_lc_monetary_1              0x000002f9   Thumb Code     0  libinit2.o(.ARM.Collect$$libinit$$00000013)
    __rt_lib_init_lc_numeric_2               0x000002f9   Thumb Code     0  libinit2.o(.ARM.Collect$$libinit$$00000014)
    __rt_lib_init_alloca_1                   0x00000303   Thumb Code     0  libinit2.o(.ARM.Collect$$libinit$$0000002C)
    __rt_lib_init_argv_1                     0x00000303   Thumb Code     0  libinit2.o(.ARM.Collect$$libinit$$0000002A)
    __rt_lib_init_atexit_1                   0x00000303   Thumb Code     0  libinit2.o(.ARM.Collect$$libinit$$00000019)
    __rt_lib_init_clock_1                    0x00000303   Thumb Code     0  libinit2.o(.ARM.Collect$$libinit$$0000001F)
    __rt_lib_init_cpp_1                      0x00000303   Thumb Code     0  libinit2.o(.ARM.Collect$$libinit$$00000030)
    __rt_lib_init_exceptions_1               0x00000303   Thumb Code     0  libinit2.o(.ARM.Collect$$libinit$$0000002E)
    __rt_lib_init_fp_trap_1                  0x00000303   Thumb Code     0  libinit2.o(.ARM.Collect$$libinit$$0000001D)
    __rt_lib_init_getenv_1                   0x00000303   Thumb Code     0  libinit2.o(.ARM.Collect$$libinit$$00000021)
    __rt_lib_init_lc_numeric_1               0x00000303   Thumb Code     0  libinit2.o(.ARM.Collect$$libinit$$00000015)
    __rt_lib_init_lc_time_1                  0x00000303   Thumb Code     0  libinit2.o(.ARM.Collect$$libinit$$00000017)
    __rt_lib_init_return                     0x00000303   Thumb Code     0  libinit2.o(.ARM.Collect$$libinit$$00000031)
    __rt_lib_init_signal_1                   0x00000303   Thumb Code     0  libinit2.o(.ARM.Collect$$libinit$$0000001B)
    __rt_lib_init_stdio_1                    0x00000303   Thumb Code     0  libinit2.o(.ARM.Collect$$libinit$$00000023)
    __rt_lib_shutdown                        0x00000305   Thumb Code     0  libshutdown.o(.ARM.Collect$$libshutdown$$00000000)
    __rt_lib_shutdown_fp_trap_1              0x00000307   Thumb Code     0  libshutdown2.o(.ARM.Collect$$libshutdown$$00000006)
    __rt_lib_shutdown_heap_1                 0x00000307   Thumb Code     0  libshutdown2.o(.ARM.Collect$$libshutdown$$0000000E)
    __rt_lib_shutdown_return                 0x00000307   Thumb Code     0  libshutdown2.o(.ARM.Collect$$libshutdown$$0000000F)
    __rt_lib_shutdown_signal_1               0x00000307   Thumb Code     0  libshutdown2.o(.ARM.Collect$$libshutdown$$00000009)
    __rt_lib_shutdown_stdio_1                0x00000307   Thumb Code     0  libshutdown2.o(.ARM.Collect$$libshutdown$$00000003)
    __rt_lib_shutdown_user_alloc_1           0x00000307   Thumb Code     0  libshutdown2.o(.ARM.Collect$$libshutdown$$0000000B)
    __rt_entry                               0x00000309   Thumb Code     0  rtentry.o(.ARM.Collect$$rtentry$$00000000)
    __rt_entry_presh_1                       0x00000309   Thumb Code     0  rtentry2.o(.ARM.Collect$$rtentry$$00000002)
    __rt_entry_sh                            0x00000309   Thumb Code     0  rtentry4.o(.ARM.Collect$$rtentry$$00000004)
    __rt_entry_li                            0x0000030f   Thumb Code     0  rtentry2.o(.ARM.Collect$$rtentry$$0000000A)
    __rt_entry_postsh_1                      0x0000030f   Thumb Code     0  rtentry2.o(.ARM.Collect$$rtentry$$00000009)
    __rt_entry_main                          0x00000313   Thumb Code     0  rtentry2.o(.ARM.Collect$$rtentry$$0000000D)
    __rt_entry_postli_1                      0x00000313   Thumb Code     0  rtentry2.o(.ARM.Collect$$rtentry$$0000000C)
    __rt_exit                                0x0000031b   Thumb Code     0  rtexit.o(.ARM.Collect$$rtexit$$00000000)
    __rt_exit_ls                             0x0000031d   Thumb Code     0  rtexit2.o(.ARM.Collect$$rtexit$$00000003)
    __rt_exit_prels_1                        0x0000031d   Thumb Code     0  rtexit2.o(.ARM.Collect$$rtexit$$00000002)
    __rt_exit_exit                           0x00000321   Thumb Code     0  rtexit2.o(.ARM.Collect$$rtexit$$00000004)
    main                                     0x00000329   Thumb Code   348  main.o(.text)
    UART2_init                               0x00000499   Thumb Code   136  uart0.o(.text)
    uart2_send                               0x00000521   Thumb Code    18  uart0.o(.text)
    uart2_send_string                        0x00000533   Thumb Code    22  uart0.o(.text)
    uart2_receive                            0x00000549   Thumb Code    20  uart0.o(.text)
    uart2_receive_string                     0x0000055d   Thumb Code    24  uart0.o(.text)
    UART1_init                               0x00000575   Thumb Code   130  uart0.o(.text)
    write_UART1                              0x000005f7   Thumb Code    18  uart0.o(.text)
    read_UART1                               0x00000609   Thumb Code    20  uart0.o(.text)
    delay_ms                                 0x00000645   Thumb Code    44  delay.o(.text)
    delay_us                                 0x00000671   Thumb Code    40  delay.o(.text)
    systick_init                             0x00000699   Thumb Code    24  delay.o(.text)
    wait_1ms                                 0x000006b1   Thumb Code    30  delay.o(.text)
    delay                                    0x000006cf   Thumb Code    22  delay.o(.text)
    take_longitude                           0x000006e5   Thumb Code   168  gps.o(.text)
    take_latitude                            0x0000078d   Thumb Code   170  gps.o(.text)
    toRadians                                0x00000837   Thumb Code    96  gps.o(.text)
    haversine                                0x00000897   Thumb Code   632  gps.o(.text)
    extract_Detailed_Location_info           0x00000b0f   Thumb Code   168  gps.o(.text)
    getCommand                               0x00000bb7   Thumb Code    64  gps.o(.text)
    Parse_GPS_command                        0x00000bf7   Thumb Code    32  gps.o(.text)
    Take_instant_location                    0x00000c17   Thumb Code    60  gps.o(.text)
    check_GPS_FIX                            0x00000c53   Thumb Code    68  gps.o(.text)
    implement_GPS_fix                        0x00000c97   Thumb Code    80  gps.o(.text)
    Reset_Handler                            0x00000cf9   Thumb Code     4  startup_tm4c123.o(.text)
    NMI_Handler                              0x00000cfd   Thumb Code     2  startup_tm4c123.o(.text)
    HardFault_Handler                        0x00000cff   Thumb Code     2  startup_tm4c123.o(.text)
    MemManage_Handler                        0x00000d01   Thumb Code     2  startup_tm4c123.o(.text)
    BusFault_Handler                         0x00000d03   Thumb Code     2  startup_tm4c123.o(.text)
    UsageFault_Handler                       0x00000d05   Thumb Code     2  startup_tm4c123.o(.text)
    SVC_Handler                              0x00000d07   Thumb Code     2  startup_tm4c123.o(.text)
    DebugMon_Handler                         0x00000d09   Thumb Code     2  startup_tm4c123.o(.text)
    PendSV_Handler                           0x00000d0b   Thumb Code     2  startup_tm4c123.o(.text)
    SysTick_Handler                          0x00000d0d   Thumb Code     2  startup_tm4c123.o(.text)
    GPIOA_Handler                            0x00000d0f   Thumb Code     2  startup_tm4c123.o(.text)
    GPIOB_Handler                            0x00000d11   Thumb Code     2  startup_tm4c123.o(.text)
    GPIOC_Handler                            0x00000d13   Thumb Code     2  startup_tm4c123.o(.text)
    GPIOD_Handler                            0x00000d15   Thumb Code     2  startup_tm4c123.o(.text)
    GPIOE_Handler                            0x00000d17   Thumb Code     2  startup_tm4c123.o(.text)
    UART0_Handler                            0x00000d19   Thumb Code     2  startup_tm4c123.o(.text)
    UART1_Handler                            0x00000d1b   Thumb Code     2  startup_tm4c123.o(.text)
    SSI0_Handler                             0x00000d1d   Thumb Code     2  startup_tm4c123.o(.text)
    I2C0_Handler                             0x00000d1f   Thumb Code     2  startup_tm4c123.o(.text)
    PMW0_FAULT_Handler                       0x00000d21   Thumb Code     2  startup_tm4c123.o(.text)
    PWM0_0_Handler                           0x00000d23   Thumb Code     2  startup_tm4c123.o(.text)
    PWM0_1_Handler                           0x00000d25   Thumb Code     2  startup_tm4c123.o(.text)
    PWM0_2_Handler                           0x00000d27   Thumb Code     2  startup_tm4c123.o(.text)
    QEI0_Handler                             0x00000d29   Thumb Code     2  startup_tm4c123.o(.text)
    ADC0SS0_Handler                          0x00000d2b   Thumb Code     2  startup_tm4c123.o(.text)
    ADC0SS1_Handler                          0x00000d2d   Thumb Code     2  startup_tm4c123.o(.text)
    ADC0SS2_Handler                          0x00000d2f   Thumb Code     2  startup_tm4c123.o(.text)
    ADC0SS3_Handler                          0x00000d31   Thumb Code     2  startup_tm4c123.o(.text)
    WDT0_Handler                             0x00000d33   Thumb Code     2  startup_tm4c123.o(.text)
    TIMER0A_Handler                          0x00000d35   Thumb Code     2  startup_tm4c123.o(.text)
    TIMER0B_Handler                          0x00000d37   Thumb Code     2  startup_tm4c123.o(.text)
    TIMER1A_Handler                          0x00000d39   Thumb Code     2  startup_tm4c123.o(.text)
    TIMER1B_Handler                          0x00000d3b   Thumb Code     2  startup_tm4c123.o(.text)
    TIMER2A_Handler                          0x00000d3d   Thumb Code     2  startup_tm4c123.o(.text)
    TIMER2B_Handler                          0x00000d3f   Thumb Code     2  startup_tm4c123.o(.text)
    COMP0_Handler                            0x00000d41   Thumb Code     2  startup_tm4c123.o(.text)
    COMP1_Handler                            0x00000d43   Thumb Code     2  startup_tm4c123.o(.text)
    COMP2_Handler                            0x00000d45   Thumb Code     2  startup_tm4c123.o(.text)
    SYSCTL_Handler                           0x00000d47   Thumb Code     2  startup_tm4c123.o(.text)
    FLASH_Handler                            0x00000d49   Thumb Code     2  startup_tm4c123.o(.text)
    GPIOF_Handler                            0x00000d4b   Thumb Code     2  startup_tm4c123.o(.text)
    GPIOG_Handler                            0x00000d4d   Thumb Code     2  startup_tm4c123.o(.text)
    GPIOH_Handler                            0x00000d4f   Thumb Code     2  startup_tm4c123.o(.text)
    UART2_Handler                            0x00000d51   Thumb Code     2  startup_tm4c123.o(.text)
    SSI1_Handler                             0x00000d53   Thumb Code     2  startup_tm4c123.o(.text)
    TIMER3A_Handler                          0x00000d55   Thumb Code     2  startup_tm4c123.o(.text)
    TIMER3B_Handler                          0x00000d57   Thumb Code     2  startup_tm4c123.o(.text)
    I2C1_Handler                             0x00000d59   Thumb Code     2  startup_tm4c123.o(.text)
    QEI1_Handler                             0x00000d5b   Thumb Code     2  startup_tm4c123.o(.text)
    CAN0_Handler                             0x00000d5d   Thumb Code     2  startup_tm4c123.o(.text)
    CAN1_Handler                             0x00000d5f   Thumb Code     2  startup_tm4c123.o(.text)
    CAN2_Handler                             0x00000d61   Thumb Code     2  startup_tm4c123.o(.text)
    HIB_Handler                              0x00000d63   Thumb Code     2  startup_tm4c123.o(.text)
    USB0_Handler                             0x00000d65   Thumb Code     2  startup_tm4c123.o(.text)
    PWM0_3_Handler                           0x00000d67   Thumb Code     2  startup_tm4c123.o(.text)
    UDMA_Handler                             0x00000d69   Thumb Code     2  startup_tm4c123.o(.text)
    UDMAERR_Handler                          0x00000d6b   Thumb Code     2  startup_tm4c123.o(.text)
    ADC1SS0_Handler                          0x00000d6d   Thumb Code     2  startup_tm4c123.o(.text)
    ADC1SS1_Handler                          0x00000d6f   Thumb Code     2  startup_tm4c123.o(.text)
    ADC1SS2_Handler                          0x00000d71   Thumb Code     2  startup_tm4c123.o(.text)
    ADC1SS3_Handler                          0x00000d73   Thumb Code     2  startup_tm4c123.o(.text)
    GPIOJ_Handler                            0x00000d75   Thumb Code     2  startup_tm4c123.o(.text)
    GPIOK_Handler                            0x00000d77   Thumb Code     2  startup_tm4c123.o(.text)
    GPIOL_Handler                            0x00000d79   Thumb Code     2  startup_tm4c123.o(.text)
    SSI2_Handler                             0x00000d7b   Thumb Code     2  startup_tm4c123.o(.text)
    SSI3_Handler                             0x00000d7d   Thumb Code     2  startup_tm4c123.o(.text)
    UART3_Handler                            0x00000d7f   Thumb Code     2  startup_tm4c123.o(.text)
    UART4_Handler                            0x00000d81   Thumb Code     2  startup_tm4c123.o(.text)
    UART5_Handler                            0x00000d83   Thumb Code     2  startup_tm4c123.o(.text)
    UART6_Handler                            0x00000d85   Thumb Code     2  startup_tm4c123.o(.text)
    UART7_Handler                            0x00000d87   Thumb Code     2  startup_tm4c123.o(.text)
    I2C2_Handler                             0x00000d89   Thumb Code     2  startup_tm4c123.o(.text)
    I2C3_Handler                             0x00000d8b   Thumb Code     2  startup_tm4c123.o(.text)
    TIMER4A_Handler                          0x00000d8d   Thumb Code     2  startup_tm4c123.o(.text)
    TIMER4B_Handler                          0x00000d8f   Thumb Code     2  startup_tm4c123.o(.text)
    TIMER5A_Handler                          0x00000d91   Thumb Code     2  startup_tm4c123.o(.text)
    TIMER5B_Handler                          0x00000d93   Thumb Code     2  startup_tm4c123.o(.text)
    WTIMER0A_Handler                         0x00000d95   Thumb Code     2  startup_tm4c123.o(.text)
    WTIMER0B_Handler                         0x00000d97   Thumb Code     2  startup_tm4c123.o(.text)
    WTIMER1A_Handler                         0x00000d99   Thumb Code     2  startup_tm4c123.o(.text)
    WTIMER1B_Handler                         0x00000d9b   Thumb Code     2  startup_tm4c123.o(.text)
    WTIMER2A_Handler                         0x00000d9d   Thumb Code     2  startup_tm4c123.o(.text)
    WTIMER2B_Handler                         0x00000d9f   Thumb Code     2  startup_tm4c123.o(.text)
    WTIMER3A_Handler                         0x00000da1   Thumb Code     2  startup_tm4c123.o(.text)
    WTIMER3B_Handler                         0x00000da3   Thumb Code     2  startup_tm4c123.o(.text)
    WTIMER4A_Handler                         0x00000da5   Thumb Code     2  startup_tm4c123.o(.text)
    WTIMER4B_Handler                         0x00000da7   Thumb Code     2  startup_tm4c123.o(.text)
    WTIMER5A_Handler                         0x00000da9   Thumb Code     2  startup_tm4c123.o(.text)
    WTIMER5B_Handler                         0x00000dab   Thumb Code     2  startup_tm4c123.o(.text)
    FPU_Handler                              0x00000dad   Thumb Code     2  startup_tm4c123.o(.text)
    I2C4_Handler                             0x00000daf   Thumb Code     2  startup_tm4c123.o(.text)
    I2C5_Handler                             0x00000db1   Thumb Code     2  startup_tm4c123.o(.text)
    GPIOM_Handler                            0x00000db3   Thumb Code     2  startup_tm4c123.o(.text)
    GPION_Handler                            0x00000db5   Thumb Code     2  startup_tm4c123.o(.text)
    QEI2_Handler                             0x00000db7   Thumb Code     2  startup_tm4c123.o(.text)
    GPIOP0_Handler                           0x00000db9   Thumb Code     2  startup_tm4c123.o(.text)
    GPIOP1_Handler                           0x00000dbb   Thumb Code     2  startup_tm4c123.o(.text)
    GPIOP2_Handler                           0x00000dbd   Thumb Code     2  startup_tm4c123.o(.text)
    GPIOP3_Handler                           0x00000dbf   Thumb Code     2  startup_tm4c123.o(.text)
    GPIOP4_Handler                           0x00000dc1   Thumb Code     2  startup_tm4c123.o(.text)
    GPIOP5_Handler                           0x00000dc3   Thumb Code     2  startup_tm4c123.o(.text)
    GPIOP6_Handler                           0x00000dc5   Thumb Code     2  startup_tm4c123.o(.text)
    GPIOP7_Handler                           0x00000dc7   Thumb Code     2  startup_tm4c123.o(.text)
    GPIOQ0_Handler                           0x00000dc9   Thumb Code     2  startup_tm4c123.o(.text)
    GPIOQ1_Handler                           0x00000dcb   Thumb Code     2  startup_tm4c123.o(.text)
    GPIOQ2_Handler                           0x00000dcd   Thumb Code     2  startup_tm4c123.o(.text)
    GPIOQ3_Handler                           0x00000dcf   Thumb Code     2  startup_tm4c123.o(.text)
    GPIOQ4_Handler                           0x00000dd1   Thumb Code     2  startup_tm4c123.o(.text)
    GPIOQ5_Handler                           0x00000dd3   Thumb Code     2  startup_tm4c123.o(.text)
    GPIOQ6_Handler                           0x00000dd5   Thumb Code     2  startup_tm4c123.o(.text)
    GPIOQ7_Handler                           0x00000dd7   Thumb Code     2  startup_tm4c123.o(.text)
    GPIOR_Handler                            0x00000dd9   Thumb Code     2  startup_tm4c123.o(.text)
    GPIOS_Handler                            0x00000ddb   Thumb Code     2  startup_tm4c123.o(.text)
    PMW1_0_Handler                           0x00000ddd   Thumb Code     2  startup_tm4c123.o(.text)
    PWM1_1_Handler                           0x00000ddf   Thumb Code     2  startup_tm4c123.o(.text)
    PWM1_2_Handler                           0x00000de1   Thumb Code     2  startup_tm4c123.o(.text)
    PWM1_3_Handler                           0x00000de3   Thumb Code     2  startup_tm4c123.o(.text)
    PWM1_FAULT_Handler                       0x00000de5   Thumb Code     2  startup_tm4c123.o(.text)
    __user_initial_stackheap                 0x00000de9   Thumb Code     0  startup_tm4c123.o(.text)
    strtok                                   0x00000e05   Thumb Code     6  strtok.o(.text)
    strcpy                                   0x00000e11   Thumb Code    72  strcpy.o(.text)
    strcat                                   0x00000e59   Thumb Code    24  strcat.o(.text)
    __aeabi_memclr4                          0x00000e71   Thumb Code     0  rt_memclr_w.o(.text)
    __aeabi_memclr8                          0x00000e71   Thumb Code     0  rt_memclr_w.o(.text)
    __rt_memclr_w                            0x00000e71   Thumb Code    78  rt_memclr_w.o(.text)
    _memset_w                                0x00000e75   Thumb Code     0  rt_memclr_w.o(.text)
    strncpy                                  0x00000ebf   Thumb Code    86  strncpy.o(.text)
    strcmp                                   0x00000f15   Thumb Code   128  strcmpv7m.o(.text)
    __use_two_region_memory                  0x00000f95   Thumb Code     2  heapauxi.o(.text)
    __rt_heap_escrow$2region                 0x00000f97   Thumb Code     2  heapauxi.o(.text)
    __rt_heap_expand$2region                 0x00000f99   Thumb Code     2  heapauxi.o(.text)
    __read_errno                             0x00000f9b   Thumb Code    10  _rserrno.o(.text)
    __set_errno                              0x00000fa5   Thumb Code    12  _rserrno.o(.text)
    __strtod_int                             0x00000fed   Thumb Code    88  strtod.o(.text)
    __strtok_internal                        0x00001051   Thumb Code    64  strtok_int.o(.text)
    __aeabi_memclr                           0x00001095   Thumb Code     0  rt_memclr.o(.text)
    __rt_memclr                              0x00001095   Thumb Code    68  rt_memclr.o(.text)
    _memset                                  0x00001099   Thumb Code     0  rt_memclr.o(.text)
    __aeabi_errno_addr                       0x000010d9   Thumb Code     8  rt_errno_addr_intlibspace.o(.text)
    __errno$intlibspace                      0x000010d9   Thumb Code     0  rt_errno_addr_intlibspace.o(.text)
    __rt_errno_addr$intlibspace              0x000010d9   Thumb Code     0  rt_errno_addr_intlibspace.o(.text)
    isspace                                  0x000010e1   Thumb Code    18  isspace.o(.text)
    _sgetc                                   0x000010f3   Thumb Code    30  _sgetc.o(.text)
    _sbackspace                              0x00001111   Thumb Code    34  _sgetc.o(.text)
    strcspn                                  0x00001133   Thumb Code    32  strcspn.o(.text)
    strspn                                   0x00001153   Thumb Code    28  strspn.o(.text)
    __user_libspace                          0x00001171   Thumb Code     8  libspace.o(.text)
    __user_perproc_libspace                  0x00001171   Thumb Code     0  libspace.o(.text)
    __user_perthread_libspace                0x00001171   Thumb Code     0  libspace.o(.text)
    __user_setup_stackheap                   0x00001179   Thumb Code    74  sys_stackheap_outer.o(.text)
    __rt_ctype_table                         0x000011c5   Thumb Code    16  rt_ctype_table.o(.text)
    _scanf_really_real                       0x000013cd   Thumb Code   672  scanf_fp.o(.text)
    exit                                     0x00001679   Thumb Code    12  exit.o(.text)
    __rt_locale                              0x00001685   Thumb Code     8  rt_locale_intlibspace.o(.text)
    _btod_etento                             0x0000168d   Thumb Code   222  bigflt0.o(.text)
    _scanf_really_hex_real                   0x00001771   Thumb Code   776  scanf_hexfp.o(.text)
    _scanf_really_infnan                     0x00001a85   Thumb Code   298  scanf_infnan.o(.text)
    _sys_exit                                0x00001bc1   Thumb Code     8  sys_exit.o(.text)
    __aeabi_llsl                             0x00001bcd   Thumb Code     0  llshl.o(.text)
    _ll_shift_l                              0x00001bcd   Thumb Code    38  llshl.o(.text)
    _chval                                   0x00001bf3   Thumb Code    28  _chval.o(.text)
    __I$use$semihosting                      0x00001c0f   Thumb Code     0  use_no_semi.o(.text)
    __use_no_semihosting_swi                 0x00001c0f   Thumb Code     2  use_no_semi.o(.text)
    __btod_div_common                        0x00001c11   Thumb Code   696  btod.o(CL$$btod_div_common)
    __semihosting_library_function           0x00001c11   Thumb Code     0  indicate_semi.o(.text)
    _e2d                                     0x00001f49   Thumb Code    80  btod.o(CL$$btod_e2d)
    _e2e                                     0x00001f9d   Thumb Code   198  btod.o(CL$$btod_e2e)
    _btod_ediv                               0x00002063   Thumb Code    40  btod.o(CL$$btod_ediv)
    _btod_edivd                              0x0000208b   Thumb Code    40  btod.o(CL$$btod_edivd)
    _btod_emul                               0x000020b3   Thumb Code    40  btod.o(CL$$btod_emul)
    _btod_emuld                              0x000020db   Thumb Code    40  btod.o(CL$$btod_emuld)
    __btod_mult_common                       0x00002103   Thumb Code   580  btod.o(CL$$btod_mult_common)
    __ARM_fpclassify                         0x00002347   Thumb Code    48  fpclassify.o(i.__ARM_fpclassify)
    __hardfp_atan                            0x00002379   Thumb Code   636  atan.o(i.__hardfp_atan)
    __hardfp_atan2                           0x00002661   Thumb Code   416  atan2.o(i.__hardfp_atan2)
    __hardfp_cos                             0x00002841   Thumb Code   200  cos.o(i.__hardfp_cos)
    __hardfp_ldexp                           0x00002919   Thumb Code   216  ldexp.o(i.__hardfp_ldexp)
    __hardfp_sin                             0x00002a01   Thumb Code   200  sin.o(i.__hardfp_sin)
    __hardfp_sqrt                            0x00002ad9   Thumb Code   122  sqrt.o(i.__hardfp_sqrt)
    __hardfp_strtod                          0x00002b59   Thumb Code    30  strtod.o(i.__hardfp_strtod)
    __ieee754_rem_pio2                       0x00002b81   Thumb Code   972  rred.o(i.__ieee754_rem_pio2)
    __kernel_cos                             0x00002fd9   Thumb Code   322  cos_i.o(i.__kernel_cos)
    __kernel_poly                            0x00003149   Thumb Code   248  poly.o(i.__kernel_poly)
    __kernel_sin                             0x00003241   Thumb Code   280  sin_i.o(i.__kernel_sin)
    __mathlib_dbl_underflow                  0x00003371   Thumb Code    24  dunder.o(i.__mathlib_dbl_underflow)
    __mathlib_narrow                         0x00003391   Thumb Code   166  narrow.o(i.__mathlib_narrow)
    __support_ldexp                          0x00003449   Thumb Code    20  ldexp.o(i.__support_ldexp)
    _is_digit                                0x0000345d   Thumb Code    14  scanf_fp.o(i._is_digit)
    atan                                     0x0000346b   Thumb Code    16  atan.o(i.atan)
    fabs                                     0x0000347b   Thumb Code    32  fabs.o(i.fabs)
    frexp                                    0x000034a1   Thumb Code   134  frexp.o(i.frexp)
    _get_lc_numeric                          0x0000353d   Thumb Code    44  lc_numeric_c.o(locale$$code)
    _get_lc_ctype                            0x00003569   Thumb Code    44  lc_ctype_c.o(locale$$code)
    __aeabi_dneg                             0x00003595   Thumb Code     0  basic.o(x$fpl$basic)
    _dneg                                    0x00003595   Thumb Code     6  basic.o(x$fpl$basic)
    __aeabi_fneg                             0x0000359b   Thumb Code     0  basic.o(x$fpl$basic)
    _fneg                                    0x0000359b   Thumb Code     6  basic.o(x$fpl$basic)
    _dabs                                    0x000035a1   Thumb Code     6  basic.o(x$fpl$basic)
    _fabs                                    0x000035a7   Thumb Code     6  basic.o(x$fpl$basic)
    __aeabi_d2f                              0x000035ad   Thumb Code     0  d2f.o(x$fpl$d2f)
    _d2f                                     0x000035ad   Thumb Code    98  d2f.o(x$fpl$d2f)
    __aeabi_dadd                             0x00003611   Thumb Code     0  daddsub_clz.o(x$fpl$dadd)
    _dadd                                    0x00003611   Thumb Code   332  daddsub_clz.o(x$fpl$dadd)
    __fpl_dcheck_NaN1                        0x00003761   Thumb Code    10  dcheck1.o(x$fpl$dcheck1)
    __fpl_dcmp_Inf                           0x00003771   Thumb Code    24  dcmpi.o(x$fpl$dcmpinf)
    __aeabi_ddiv                             0x00003789   Thumb Code     0  ddiv.o(x$fpl$ddiv)
    _ddiv                                    0x00003789   Thumb Code   552  ddiv.o(x$fpl$ddiv)
    __aeabi_cdcmpeq                          0x00003a39   Thumb Code     0  deqf.o(x$fpl$deqf)
    _dcmpeq                                  0x00003a39   Thumb Code   120  deqf.o(x$fpl$deqf)
    __aeabi_d2iz                             0x00003ab1   Thumb Code     0  dfix.o(x$fpl$dfix)
    _dfix                                    0x00003ab1   Thumb Code    94  dfix.o(x$fpl$dfix)
    __aeabi_i2d                              0x00003b0f   Thumb Code     0  dflt_clz.o(x$fpl$dflt)
    _dflt                                    0x00003b0f   Thumb Code    46  dflt_clz.o(x$fpl$dflt)
    __aeabi_ui2d                             0x00003b3d   Thumb Code     0  dflt_clz.o(x$fpl$dfltu)
    _dfltu                                   0x00003b3d   Thumb Code    38  dflt_clz.o(x$fpl$dfltu)
    __aeabi_cdcmple                          0x00003b65   Thumb Code     0  dleqf.o(x$fpl$dleqf)
    _dcmple                                  0x00003b65   Thumb Code   120  dleqf.o(x$fpl$dleqf)
    __fpl_dcmple_InfNaN                      0x00003bc7   Thumb Code     0  dleqf.o(x$fpl$dleqf)
    __aeabi_dmul                             0x00003bdd   Thumb Code     0  dmul.o(x$fpl$dmul)
    _dmul                                    0x00003bdd   Thumb Code   332  dmul.o(x$fpl$dmul)
    __fpl_dnaninf                            0x00003d31   Thumb Code   156  dnaninf.o(x$fpl$dnaninf)
    __fpl_dretinf                            0x00003dcd   Thumb Code    12  dretinf.o(x$fpl$dretinf)
    __aeabi_cdrcmple                         0x00003dd9   Thumb Code     0  drleqf.o(x$fpl$drleqf)
    _drcmple                                 0x00003dd9   Thumb Code   108  drleqf.o(x$fpl$drleqf)
    __aeabi_drsub                            0x00003e45   Thumb Code     0  daddsub_clz.o(x$fpl$drsb)
    _drsb                                    0x00003e45   Thumb Code    22  daddsub_clz.o(x$fpl$drsb)
    _dsqrt                                   0x00003e5d   Thumb Code   404  dsqrt_umaal.o(x$fpl$dsqrt)
    __aeabi_dsub                             0x00003ff5   Thumb Code     0  daddsub_clz.o(x$fpl$dsub)
    _dsub                                    0x00003ff5   Thumb Code   464  daddsub_clz.o(x$fpl$dsub)
    _fp_init                                 0x000041c9   Thumb Code    10  fpinit.o(x$fpl$fpinit)
    __fplib_config_fpu_vfp                   0x000041d1   Thumb Code     0  fpinit.o(x$fpl$fpinit)
    __fplib_config_pureend_doubles           0x000041d1   Thumb Code     0  fpinit.o(x$fpl$fpinit)
    __fpl_fretinf                            0x000041d3   Thumb Code    10  fretinf.o(x$fpl$fretinf)
    __fpl_return_NaN                         0x000041dd   Thumb Code   100  retnan.o(x$fpl$retnan)
    __ARM_scalbn                             0x00004241   Thumb Code    92  scalbn.o(x$fpl$scalbn)
    _scanf_real                              0x0000429d   Thumb Code     4  scanf1.o(x$fpl$scanf1)
    _scanf_hex_real                          0x000042a1   Thumb Code     4  scanf2.o(x$fpl$scanf2)
    _scanf_infnan                            0x000042a5   Thumb Code     4  scanf2.o(x$fpl$scanf2)
    __fpl_cmpreturn                          0x000042a9   Thumb Code    48  trapv.o(x$fpl$trapveneer)
    __I$use$fp                               0x000042d8   Number         0  usenofp.o(x$fpl$usenofp)
    __mathlib_zero                           0x000043a0   Data           8  qnan.o(.constdata)
    Region$$Table$$Base                      0x0000452c   Number         0  anon$$obj.o(Region$$Table)
    Region$$Table$$Limit                     0x0000454c   Number         0  anon$$obj.o(Region$$Table)
    __aeabi_HUGE_VAL                         0x0000454c   Data           0  fpconst.o(c$$dinf)
    __aeabi_HUGE_VALL                        0x0000454c   Data           0  fpconst.o(c$$dinf)
    __aeabi_INFINITY                         0x0000454c   Data           0  fpconst.o(c$$dinf)
    __dInf                                   0x0000454c   Data           0  fpconst.o(c$$dinf)
    __huge_val                               0x0000454c   Data           0  fpconst.o(c$$dinf)
    __ctype                                  0x0000457d   Data           0  lc_ctype_c.o(locale$$data)
    __libspace_start                         0x20000004   Data          96  libspace.o(.bss)
    __temporary_stack_top$libspace           0x20000064   Data           0  libspace.o(.bss)



==============================================================================

Memory Map of the image

  Image Entry point : 0x00000cf9

  Load Region LR_1 (Base: 0x00000000, Size: 0x00004684, Max: 0xffffffff, ABSOLUTE)

    Execution Region ER_RO (Base: 0x00000000, Size: 0x00004680, Max: 0xffffffff, ABSOLUTE)

    Base Addr    Size         Type   Attr      Idx    E Section Name        Object

    0x00000000   0x0000026c   Data   RO          164    RESET               startup_tm4c123.o
    0x0000026c   0x00000008   Code   RO          186  * !!!main             c_w.l(__main.o)
    0x00000274   0x00000034   Code   RO          600    !!!scatter          c_w.l(__scatter.o)
    0x000002a8   0x0000001a   Code   RO          602    !!handler_copy      c_w.l(__scatter_copy.o)
    0x000002c2   0x00000002   PAD
    0x000002c4   0x0000001c   Code   RO          604    !!handler_zi        c_w.l(__scatter_zi.o)
    0x000002e0   0x00000002   Code   RO          380    .ARM.Collect$$libinit$$00000000  c_w.l(libinit.o)
    0x000002e2   0x00000004   Code   RO          381    .ARM.Collect$$libinit$$00000001  c_w.l(libinit2.o)
    0x000002e6   0x00000000   Code   RO          385    .ARM.Collect$$libinit$$00000008  c_w.l(libinit2.o)
    0x000002e6   0x00000000   Code   RO          387    .ARM.Collect$$libinit$$0000000A  c_w.l(libinit2.o)
    0x000002e6   0x00000000   Code   RO          389    .ARM.Collect$$libinit$$0000000C  c_w.l(libinit2.o)
    0x000002e6   0x00000006   Code   RO          390    .ARM.Collect$$libinit$$0000000D  c_w.l(libinit2.o)
    0x000002ec   0x00000000   Code   RO          392    .ARM.Collect$$libinit$$0000000F  c_w.l(libinit2.o)
    0x000002ec   0x0000000c   Code   RO          393    .ARM.Collect$$libinit$$00000010  c_w.l(libinit2.o)
    0x000002f8   0x00000000   Code   RO          394    .ARM.Collect$$libinit$$00000011  c_w.l(libinit2.o)
    0x000002f8   0x00000000   Code   RO          396    .ARM.Collect$$libinit$$00000013  c_w.l(libinit2.o)
    0x000002f8   0x0000000a   Code   RO          397    .ARM.Collect$$libinit$$00000014  c_w.l(libinit2.o)
    0x00000302   0x00000000   Code   RO          398    .ARM.Collect$$libinit$$00000015  c_w.l(libinit2.o)
    0x00000302   0x00000000   Code   RO          400    .ARM.Collect$$libinit$$00000017  c_w.l(libinit2.o)
    0x00000302   0x00000000   Code   RO          402    .ARM.Collect$$libinit$$00000019  c_w.l(libinit2.o)
    0x00000302   0x00000000   Code   RO          404    .ARM.Collect$$libinit$$0000001B  c_w.l(libinit2.o)
    0x00000302   0x00000000   Code   RO          406    .ARM.Collect$$libinit$$0000001D  c_w.l(libinit2.o)
    0x00000302   0x00000000   Code   RO          408    .ARM.Collect$$libinit$$0000001F  c_w.l(libinit2.o)
    0x00000302   0x00000000   Code   RO          410    .ARM.Collect$$libinit$$00000021  c_w.l(libinit2.o)
    0x00000302   0x00000000   Code   RO          412    .ARM.Collect$$libinit$$00000023  c_w.l(libinit2.o)
    0x00000302   0x00000000   Code   RO          416    .ARM.Collect$$libinit$$0000002A  c_w.l(libinit2.o)
    0x00000302   0x00000000   Code   RO          418    .ARM.Collect$$libinit$$0000002C  c_w.l(libinit2.o)
    0x00000302   0x00000000   Code   RO          420    .ARM.Collect$$libinit$$0000002E  c_w.l(libinit2.o)
    0x00000302   0x00000000   Code   RO          422    .ARM.Collect$$libinit$$00000030  c_w.l(libinit2.o)
    0x00000302   0x00000002   Code   RO          423    .ARM.Collect$$libinit$$00000031  c_w.l(libinit2.o)
    0x00000304   0x00000002   Code   RO          523    .ARM.Collect$$libshutdown$$00000000  c_w.l(libshutdown.o)
    0x00000306   0x00000000   Code   RO          553    .ARM.Collect$$libshutdown$$00000003  c_w.l(libshutdown2.o)
    0x00000306   0x00000000   Code   RO          556    .ARM.Collect$$libshutdown$$00000006  c_w.l(libshutdown2.o)
    0x00000306   0x00000000   Code   RO          559    .ARM.Collect$$libshutdown$$00000009  c_w.l(libshutdown2.o)
    0x00000306   0x00000000   Code   RO          561    .ARM.Collect$$libshutdown$$0000000B  c_w.l(libshutdown2.o)
    0x00000306   0x00000000   Code   RO          564    .ARM.Collect$$libshutdown$$0000000E  c_w.l(libshutdown2.o)
    0x00000306   0x00000002   Code   RO          565    .ARM.Collect$$libshutdown$$0000000F  c_w.l(libshutdown2.o)
    0x00000308   0x00000000   Code   RO          256    .ARM.Collect$$rtentry$$00000000  c_w.l(rtentry.o)
    0x00000308   0x00000000   Code   RO          312    .ARM.Collect$$rtentry$$00000002  c_w.l(rtentry2.o)
    0x00000308   0x00000006   Code   RO          324    .ARM.Collect$$rtentry$$00000004  c_w.l(rtentry4.o)
    0x0000030e   0x00000000   Code   RO          314    .ARM.Collect$$rtentry$$00000009  c_w.l(rtentry2.o)
    0x0000030e   0x00000004   Code   RO          315    .ARM.Collect$$rtentry$$0000000A  c_w.l(rtentry2.o)
    0x00000312   0x00000000   Code   RO          317    .ARM.Collect$$rtentry$$0000000C  c_w.l(rtentry2.o)
    0x00000312   0x00000008   Code   RO          318    .ARM.Collect$$rtentry$$0000000D  c_w.l(rtentry2.o)
    0x0000031a   0x00000002   Code   RO          424    .ARM.Collect$$rtexit$$00000000  c_w.l(rtexit.o)
    0x0000031c   0x00000000   Code   RO          483    .ARM.Collect$$rtexit$$00000002  c_w.l(rtexit2.o)
    0x0000031c   0x00000004   Code   RO          484    .ARM.Collect$$rtexit$$00000003  c_w.l(rtexit2.o)
    0x00000320   0x00000006   Code   RO          485    .ARM.Collect$$rtexit$$00000004  c_w.l(rtexit2.o)
    0x00000326   0x00000002   PAD
    0x00000328   0x00000170   Code   RO            3    .text               main.o
    0x00000498   0x000001ac   Code   RO           88    .text               uart0.o
    0x00000644   0x000000a0   Code   RO          121    .text               delay.o
    0x000006e4   0x00000614   Code   RO          138    .text               gps.o
    0x00000cf8   0x0000010c   Code   RO          165  * .text               startup_tm4c123.o
    0x00000e04   0x0000000c   Code   RO          171    .text               c_w.l(strtok.o)
    0x00000e10   0x00000048   Code   RO          174    .text               c_w.l(strcpy.o)
    0x00000e58   0x00000018   Code   RO          176    .text               c_w.l(strcat.o)
    0x00000e70   0x0000004e   Code   RO          178    .text               c_w.l(rt_memclr_w.o)
    0x00000ebe   0x00000056   Code   RO          180    .text               c_w.l(strncpy.o)
    0x00000f14   0x00000080   Code   RO          182    .text               c_w.l(strcmpv7m.o)
    0x00000f94   0x00000006   Code   RO          184    .text               c_w.l(heapauxi.o)
    0x00000f9a   0x00000016   Code   RO          257    .text               c_w.l(_rserrno.o)
    0x00000fb0   0x000000a0   Code   RO          259    .text               c_w.l(strtod.o)
    0x00001050   0x00000044   Code   RO          261    .text               c_w.l(strtok_int.o)
    0x00001094   0x00000044   Code   RO          263    .text               c_w.l(rt_memclr.o)
    0x000010d8   0x00000008   Code   RO          329    .text               c_w.l(rt_errno_addr_intlibspace.o)
    0x000010e0   0x00000012   Code   RO          331    .text               c_w.l(isspace.o)
    0x000010f2   0x00000040   Code   RO          333    .text               c_w.l(_sgetc.o)
    0x00001132   0x00000020   Code   RO          338    .text               c_w.l(strcspn.o)
    0x00001152   0x0000001c   Code   RO          340    .text               c_w.l(strspn.o)
    0x0000116e   0x00000002   PAD
    0x00001170   0x00000008   Code   RO          362    .text               c_w.l(libspace.o)
    0x00001178   0x0000004a   Code   RO          365    .text               c_w.l(sys_stackheap_outer.o)
    0x000011c2   0x00000002   PAD
    0x000011c4   0x00000010   Code   RO          367    .text               c_w.l(rt_ctype_table.o)
    0x000011d4   0x000004a4   Code   RO          369    .text               c_w.l(scanf_fp.o)
    0x00001678   0x0000000c   Code   RO          373    .text               c_w.l(exit.o)
    0x00001684   0x00000008   Code   RO          429    .text               c_w.l(rt_locale_intlibspace.o)
    0x0000168c   0x000000e4   Code   RO          431    .text               c_w.l(bigflt0.o)
    0x00001770   0x00000314   Code   RO          489    .text               c_w.l(scanf_hexfp.o)
    0x00001a84   0x0000013c   Code   RO          491    .text               c_w.l(scanf_infnan.o)
    0x00001bc0   0x0000000c   Code   RO          509    .text               c_w.l(sys_exit.o)
    0x00001bcc   0x00000026   Code   RO          513    .text               c_w.l(llshl.o)
    0x00001bf2   0x0000001c   Code   RO          515    .text               c_w.l(_chval.o)
    0x00001c0e   0x00000002   Code   RO          542    .text               c_w.l(use_no_semi.o)
    0x00001c10   0x00000000   Code   RO          544    .text               c_w.l(indicate_semi.o)
    0x00001c10   0x00000338   Code   RO          444    CL$$btod_div_common  c_w.l(btod.o)
    0x00001f48   0x00000054   Code   RO          442    CL$$btod_e2d        c_w.l(btod.o)
    0x00001f9c   0x000000c6   Code   RO          441    CL$$btod_e2e        c_w.l(btod.o)
    0x00002062   0x00000028   Code   RO          438    CL$$btod_ediv       c_w.l(btod.o)
    0x0000208a   0x00000028   Code   RO          440    CL$$btod_edivd      c_w.l(btod.o)
    0x000020b2   0x00000028   Code   RO          437    CL$$btod_emul       c_w.l(btod.o)
    0x000020da   0x00000028   Code   RO          439    CL$$btod_emuld      c_w.l(btod.o)
    0x00002102   0x00000244   Code   RO          443    CL$$btod_mult_common  c_w.l(btod.o)
    0x00002346   0x00000030   Code   RO          358    i.__ARM_fpclassify  m_wm.l(fpclassify.o)
    0x00002376   0x00000002   PAD
    0x00002378   0x000002e8   Code   RO          276    i.__hardfp_atan     m_wm.l(atan.o)
    0x00002660   0x000001e0   Code   RO          202    i.__hardfp_atan2    m_wm.l(atan2.o)
    0x00002840   0x000000d8   Code   RO          214    i.__hardfp_cos      m_wm.l(cos.o)
    0x00002918   0x000000e8   Code   RO          526    i.__hardfp_ldexp    m_wm.l(ldexp.o)
    0x00002a00   0x000000d8   Code   RO          226    i.__hardfp_sin      m_wm.l(sin.o)
    0x00002ad8   0x0000007a   Code   RO          238    i.__hardfp_sqrt     m_wm.l(sqrt.o)
    0x00002b52   0x00000006   PAD
    0x00002b58   0x00000028   Code   RO          250    i.__hardfp_strtod   m_wm.l(strtod.o)
    0x00002b80   0x00000458   Code   RO          300    i.__ieee754_rem_pio2  m_wm.l(rred.o)
    0x00002fd8   0x00000170   Code   RO          290    i.__kernel_cos      m_wm.l(cos_i.o)
    0x00003148   0x000000f8   Code   RO          360    i.__kernel_poly     m_wm.l(poly.o)
    0x00003240   0x00000130   Code   RO          305    i.__kernel_sin      m_wm.l(sin_i.o)
    0x00003370   0x00000020   Code   RO          356    i.__mathlib_dbl_underflow  m_wm.l(dunder.o)
    0x00003390   0x000000b8   Code   RO          475    i.__mathlib_narrow  m_wm.l(narrow.o)
    0x00003448   0x00000014   Code   RO          528    i.__support_ldexp   m_wm.l(ldexp.o)
    0x0000345c   0x0000000e   Code   RO          371    i._is_digit         c_w.l(scanf_fp.o)
    0x0000346a   0x00000010   Code   RO          278    i.atan              m_wm.l(atan.o)
    0x0000347a   0x00000020   Code   RO          295    i.fabs              m_wm.l(fabs.o)
    0x0000349a   0x00000006   PAD
    0x000034a0   0x0000009c   Code   RO          503    i.frexp             m_wm.l(frexp.o)
    0x0000353c   0x0000002c   Code   RO          336    locale$$code        c_w.l(lc_numeric_c.o)
    0x00003568   0x0000002c   Code   RO          457    locale$$code        c_w.l(lc_ctype_c.o)
    0x00003594   0x00000018   Code   RO          265    x$fpl$basic         fz_wm.l(basic.o)
    0x000035ac   0x00000062   Code   RO          497    x$fpl$d2f           fz_wm.l(d2f.o)
    0x0000360e   0x00000002   PAD
    0x00003610   0x00000150   Code   RO          188    x$fpl$dadd          fz_wm.l(daddsub_clz.o)
    0x00003760   0x00000010   Code   RO          572    x$fpl$dcheck1       fz_wm.l(dcheck1.o)
    0x00003770   0x00000018   Code   RO          342    x$fpl$dcmpinf       fz_wm.l(dcmpi.o)
    0x00003788   0x000002b0   Code   RO          195    x$fpl$ddiv          fz_wm.l(ddiv.o)
    0x00003a38   0x00000078   Code   RO          499    x$fpl$deqf          fz_wm.l(deqf.o)
    0x00003ab0   0x0000005e   Code   RO          344    x$fpl$dfix          fz_wm.l(dfix.o)
    0x00003b0e   0x0000002e   Code   RO          349    x$fpl$dflt          fz_wm.l(dflt_clz.o)
    0x00003b3c   0x00000026   Code   RO          348    x$fpl$dfltu         fz_wm.l(dflt_clz.o)
    0x00003b62   0x00000002   PAD
    0x00003b64   0x00000078   Code   RO          267    x$fpl$dleqf         fz_wm.l(dleqf.o)
    0x00003bdc   0x00000154   Code   RO          198    x$fpl$dmul          fz_wm.l(dmul.o)
    0x00003d30   0x0000009c   Code   RO          269    x$fpl$dnaninf       fz_wm.l(dnaninf.o)
    0x00003dcc   0x0000000c   Code   RO          271    x$fpl$dretinf       fz_wm.l(dretinf.o)
    0x00003dd8   0x0000006c   Code   RO          200    x$fpl$drleqf        fz_wm.l(drleqf.o)
    0x00003e44   0x00000016   Code   RO          189    x$fpl$drsb          fz_wm.l(daddsub_clz.o)
    0x00003e5a   0x00000002   PAD
    0x00003e5c   0x00000198   Code   RO          273    x$fpl$dsqrt         fz_wm.l(dsqrt_umaal.o)
    0x00003ff4   0x000001d4   Code   RO          190    x$fpl$dsub          fz_wm.l(daddsub_clz.o)
    0x000041c8   0x0000000a   Code   RO          464    x$fpl$fpinit        fz_wm.l(fpinit.o)
    0x000041d2   0x0000000a   Code   RO          524    x$fpl$fretinf       fz_wm.l(fretinf.o)
    0x000041dc   0x00000064   Code   RO          578    x$fpl$retnan        fz_wm.l(retnan.o)
    0x00004240   0x0000005c   Code   RO          566    x$fpl$scalbn        fz_wm.l(scalbn.o)
    0x0000429c   0x00000004   Code   RO          354    x$fpl$scanf1        fz_wm.l(scanf1.o)
    0x000042a0   0x00000008   Code   RO          468    x$fpl$scanf2        fz_wm.l(scanf2.o)
    0x000042a8   0x00000030   Code   RO          596    x$fpl$trapveneer    fz_wm.l(trapv.o)
    0x000042d8   0x00000000   Code   RO          275    x$fpl$usenofp       fz_wm.l(usenofp.o)
    0x000042d8   0x00000098   Data   RO          279    .constdata          m_wm.l(atan.o)
    0x00004370   0x00000030   Data   RO          291    .constdata          m_wm.l(cos_i.o)
    0x000043a0   0x00000008   Data   RO          299    .constdata          m_wm.l(qnan.o)
    0x000043a8   0x000000c8   Data   RO          302    .constdata          m_wm.l(rred.o)
    0x00004470   0x00000028   Data   RO          306    .constdata          m_wm.l(sin_i.o)
    0x00004498   0x00000094   Data   RO          432    .constdata          c_w.l(bigflt0.o)
    0x0000452c   0x00000020   Data   RO          598    Region$$Table       anon$$obj.o
    0x0000454c   0x00000008   Data   RO          461    c$$dinf             fz_wm.l(fpconst.o)
    0x00004554   0x0000001c   Data   RO          335    locale$$data        c_w.l(lc_numeric_c.o)
    0x00004570   0x00000110   Data   RO          456    locale$$data        c_w.l(lc_ctype_c.o)


    Execution Region ER_RW (Base: 0x20000000, Size: 0x00000004, Max: 0xffffffff, ABSOLUTE)

    Base Addr    Size         Type   Attr      Idx    E Section Name        Object

    0x20000000   0x00000004   Data   RW          172    .data               c_w.l(strtok.o)


    Execution Region ER_ZI (Base: 0x20000004, Size: 0x00000264, Max: 0xffffffff, ABSOLUTE)

    Base Addr    Size         Type   Attr      Idx    E Section Name        Object

    0x20000004   0x00000060   Zero   RW          363    .bss                c_w.l(libspace.o)
    0x20000064   0x00000004   PAD
    0x20000068   0x00000000   Zero   RW          163    HEAP                startup_tm4c123.o
    0x20000068   0x00000200   Zero   RW          162    STACK               startup_tm4c123.o


==============================================================================

Image component sizes


      Code (inc. data)   RO Data    RW Data    ZI Data      Debug   Object Name

       160          0          0          0          0       1152   delay.o
      1556         82          0          0          0       3829   gps.o
       368         20          0          0          0       5439   main.o
       268         20        620          0        512       5356   startup_tm4c123.o
       428         40          0          0          0       1867   uart0.o

    ----------------------------------------------------------------------
      2780        162        652          0        512      17643   Object Totals
         0          0         32          0          0          0   (incl. Generated)
         0          0          0          0          0          0   (incl. Padding)

    ----------------------------------------------------------------------

      Code (inc. data)   RO Data    RW Data    ZI Data      Debug   Library Member Name

         8          0          0          0          0         68   __main.o
        52          8          0          0          0          0   __scatter.o
        26          0          0          0          0          0   __scatter_copy.o
        28          0          0          0          0          0   __scatter_zi.o
        28          0          0          0          0         68   _chval.o
        22          0          0          0          0        100   _rserrno.o
        64          0          0          0          0         84   _sgetc.o
       228          6        148          0          0         96   bigflt0.o
      1846        132          0          0          0        736   btod.o
        12          0          0          0          0         72   exit.o
         6          0          0          0          0        152   heapauxi.o
         0          0          0          0          0          0   indicate_semi.o
        18          0          0          0          0         76   isspace.o
        44         10        272          0          0         76   lc_ctype_c.o
        44         10         28          0          0         76   lc_numeric_c.o
         2          0          0          0          0          0   libinit.o
        34          0          0          0          0          0   libinit2.o
         2          0          0          0          0          0   libshutdown.o
         2          0          0          0          0          0   libshutdown2.o
         8          4          0          0         96         68   libspace.o
        38          0          0          0          0         68   llshl.o
        16          4          0          0          0         76   rt_ctype_table.o
         8          4          0          0          0         68   rt_errno_addr_intlibspace.o
         8          4          0          0          0         68   rt_locale_intlibspace.o
        68          0          0          0          0         68   rt_memclr.o
        78          0          0          0          0         80   rt_memclr_w.o
         0          0          0          0          0          0   rtentry.o
        12          0          0          0          0          0   rtentry2.o
         6          0          0          0          0          0   rtentry4.o
         2          0          0          0          0          0   rtexit.o
        10          0          0          0          0          0   rtexit2.o
      1202         12          0          0          0        216   scanf_fp.o
       788         12          0          0          0        100   scanf_hexfp.o
       316         18          0          0          0        100   scanf_infnan.o
        24          0          0          0          0         68   strcat.o
       128          0          0          0          0         68   strcmpv7m.o
        72          0          0          0          0         80   strcpy.o
        32          0          0          0          0         80   strcspn.o
        86          0          0          0          0         76   strncpy.o
        28          0          0          0          0         80   strspn.o
       160         12          0          0          0        120   strtod.o
        12          6          0          4          0         68   strtok.o
        68          4          0          0          0         84   strtok_int.o
        12          4          0          0          0         68   sys_exit.o
        74          0          0          0          0         80   sys_stackheap_outer.o
         2          0          0          0          0         68   use_no_semi.o
        24          0          0          0          0        164   basic.o
        98          4          0          0          0        140   d2f.o
       826         16          0          0          0        492   daddsub_clz.o
        16          4          0          0          0        116   dcheck1.o
        24          0          0          0          0        116   dcmpi.o
       688        140          0          0          0        256   ddiv.o
       120          4          0          0          0        140   deqf.o
        94          4          0          0          0        140   dfix.o
        84          0          0          0          0        232   dflt_clz.o
       120          4          0          0          0        140   dleqf.o
       340         12          0          0          0        152   dmul.o
       156          4          0          0          0        140   dnaninf.o
        12          0          0          0          0        116   dretinf.o
       108          0          0          0          0        128   drleqf.o
       408         56          0          0          0        168   dsqrt_umaal.o
         0          0          8          0          0          0   fpconst.o
        10          0          0          0          0        116   fpinit.o
        10          0          0          0          0        116   fretinf.o
       100          0          0          0          0        116   retnan.o
        92          0          0          0          0        116   scalbn.o
         4          0          0          0          0        116   scanf1.o
         8          0          0          0          0        132   scanf2.o
        48          0          0          0          0        116   trapv.o
         0          0          0          0          0          0   usenofp.o
       760        108        152          0          0        344   atan.o
       480         64          0          0          0        156   atan2.o
       216         16          0          0          0        152   cos.o
       368         46         48          0          0        200   cos_i.o
        32          8          0          0          0        124   dunder.o
        32          0          0          0          0        124   fabs.o
        48          0          0          0          0        124   fpclassify.o
       156         22          0          0          0        132   frexp.o
       252         16          0          0          0        308   ldexp.o
       184         18          0          0          0        152   narrow.o
       248          0          0          0          0        152   poly.o
         0          0          8          0          0          0   qnan.o
      1112        140        200          0          0        188   rred.o
       216         16          0          0          0        152   sin.o
       304         24         40          0          0        208   sin_i.o
       122          0          0          0          0        148   sqrt.o
        40         10          0          0          0        128   strtod.o

    ----------------------------------------------------------------------
     13712        986        904          4        100       9716   Library Totals
        28          0          0          0          4          0   (incl. Padding)

    ----------------------------------------------------------------------

      Code (inc. data)   RO Data    RW Data    ZI Data      Debug   Library Name

      5724        250        448          4         96       3456   c_w.l
      3390        248          8          0          0       3468   fz_wm.l
      4570        488        448          0          0       2792   m_wm.l

    ----------------------------------------------------------------------
     13712        986        904          4        100       9716   Library Totals

    ----------------------------------------------------------------------

==============================================================================


      Code (inc. data)   RO Data    RW Data    ZI Data      Debug   

     16492       1148       1556          4        612      20731   Grand Totals
     16492       1148       1556          4        612      20731   ELF Image Totals
     16492       1148       1556          4          0          0   ROM Totals

==============================================================================

    Total RO  Size (Code + RO Data)                18048 (  17.63kB)
    Total RW  Size (RW Data + ZI Data)               616 (   0.60kB)
    Total ROM Size (Code + RO Data + RW Data)      18052 (  17.63kB)

==============================================================================

