<html>
<body>
<pre>
<h1>µVision Build Log</h1>
<h2>Project:</h2>
C:\Users\PC\Desktop\Koleya\Embeded systems\Project\Embedded-Systems-Project\Project\SRC\project.uvproj
Project File Date:  05/02/2024

<h2>Output:</h2>
Rebuild target 'Target 1'
assembling startup_TM4C123.s...
compiling main.c...
compiling GPIO.c...
linking...
Program Size: Code=580 RO-data=636 RW-data=0 ZI-data=512  
".\project.axf" - 0 Error(s), 0 Warning(s).
ng and 1 error messages.
".\project.axf" - 1 Error(s), 0 Warning(s).
Target not created
h information to list image symbols.
Finished: 1 information, 0 warning and 1 error messages.
".\project.axf" - 1 Error(s), 1 Warning(s).
Target not created
 0 warning and 1 error messages.
".\project.axf" - 1 Error(s), 2 Warning(s).
Target not created
L6218E: Undefined symbol IsButtonPressed (referred from main.o).
Not enough information to list image symbols.
Finished: 1 information, 0 warning and 2 error messages.
".\project.axf" - 2 Error(s), 3 Warning(s).
Target not created
6218E: Undefined symbol IsButtonPressed (referred from main.o).
Not enough information to list image symbols.
Finished: 1 information, 0 warning and 2 error messages.
".\project.axf" - 2 Error(s), 5 Warning(s).
Target not created
: L6218E: Undefined symbol IsButtonPressed (referred from main.o).
Not enough information to list image symbols.
Finished: 1 information, 0 warning and 2 error messages.
".\project.axf" - 2 Error(s), 7 Warning(s).
Target not created
 error messages.
".\project.axf" - 3 Error(s), 7 Warning(s).
Target not created
